Archive member included to satisfy reference by file (symbol)

c:/st/stm32cubeide_1.10.1/stm32cubeide/plugins/com.st.stm32cube.ide.mcu.externaltools.gnu-tools-for-stm32.10.3-2021.10.win32_1.0.0.202111181127/tools/bin/../lib/gcc/arm-none-eabi/10.3.1/../../../../arm-none-eabi/lib/thumb/v7e-m+fp/hard\libc_nano.a(lib_a-errno.o)
                              ./Core/Src/syscalls.o (__errno)
c:/st/stm32cubeide_1.10.1/stm32cubeide/plugins/com.st.stm32cube.ide.mcu.externaltools.gnu-tools-for-stm32.10.3-2021.10.win32_1.0.0.202111181127/tools/bin/../lib/gcc/arm-none-eabi/10.3.1/../../../../arm-none-eabi/lib/thumb/v7e-m+fp/hard\libc_nano.a(lib_a-exit.o)
                              c:/st/stm32cubeide_1.10.1/stm32cubeide/plugins/com.st.stm32cube.ide.mcu.externaltools.gnu-tools-for-stm32.10.3-2021.10.win32_1.0.0.202111181127/tools/bin/../lib/gcc/arm-none-eabi/10.3.1/../../../../arm-none-eabi/lib/thumb/v7e-m+fp/hard/crt0.o (exit)
c:/st/stm32cubeide_1.10.1/stm32cubeide/plugins/com.st.stm32cube.ide.mcu.externaltools.gnu-tools-for-stm32.10.3-2021.10.win32_1.0.0.202111181127/tools/bin/../lib/gcc/arm-none-eabi/10.3.1/../../../../arm-none-eabi/lib/thumb/v7e-m+fp/hard\libc_nano.a(lib_a-impure.o)
                              c:/st/stm32cubeide_1.10.1/stm32cubeide/plugins/com.st.stm32cube.ide.mcu.externaltools.gnu-tools-for-stm32.10.3-2021.10.win32_1.0.0.202111181127/tools/bin/../lib/gcc/arm-none-eabi/10.3.1/../../../../arm-none-eabi/lib/thumb/v7e-m+fp/hard\libc_nano.a(lib_a-exit.o) (_global_impure_ptr)
c:/st/stm32cubeide_1.10.1/stm32cubeide/plugins/com.st.stm32cube.ide.mcu.externaltools.gnu-tools-for-stm32.10.3-2021.10.win32_1.0.0.202111181127/tools/bin/../lib/gcc/arm-none-eabi/10.3.1/../../../../arm-none-eabi/lib/thumb/v7e-m+fp/hard\libc_nano.a(lib_a-init.o)
                              c:/st/stm32cubeide_1.10.1/stm32cubeide/plugins/com.st.stm32cube.ide.mcu.externaltools.gnu-tools-for-stm32.10.3-2021.10.win32_1.0.0.202111181127/tools/bin/../lib/gcc/arm-none-eabi/10.3.1/../../../../arm-none-eabi/lib/thumb/v7e-m+fp/hard/crt0.o (__libc_init_array)
c:/st/stm32cubeide_1.10.1/stm32cubeide/plugins/com.st.stm32cube.ide.mcu.externaltools.gnu-tools-for-stm32.10.3-2021.10.win32_1.0.0.202111181127/tools/bin/../lib/gcc/arm-none-eabi/10.3.1/../../../../arm-none-eabi/lib/thumb/v7e-m+fp/hard\libc_nano.a(lib_a-memcpy-stub.o)
                              ./Middlewares/Third_Party/FreeRTOS/Source/queue.o (memcpy)
c:/st/stm32cubeide_1.10.1/stm32cubeide/plugins/com.st.stm32cube.ide.mcu.externaltools.gnu-tools-for-stm32.10.3-2021.10.win32_1.0.0.202111181127/tools/bin/../lib/gcc/arm-none-eabi/10.3.1/../../../../arm-none-eabi/lib/thumb/v7e-m+fp/hard\libc_nano.a(lib_a-memset.o)
                              c:/st/stm32cubeide_1.10.1/stm32cubeide/plugins/com.st.stm32cube.ide.mcu.externaltools.gnu-tools-for-stm32.10.3-2021.10.win32_1.0.0.202111181127/tools/bin/../lib/gcc/arm-none-eabi/10.3.1/../../../../arm-none-eabi/lib/thumb/v7e-m+fp/hard/crt0.o (memset)

Discarded input sections

 .text          0x0000000000000000        0x0 c:/st/stm32cubeide_1.10.1/stm32cubeide/plugins/com.st.stm32cube.ide.mcu.externaltools.gnu-tools-for-stm32.10.3-2021.10.win32_1.0.0.202111181127/tools/bin/../lib/gcc/arm-none-eabi/10.3.1/thumb/v7e-m+fp/hard/crti.o
 .data          0x0000000000000000        0x0 c:/st/stm32cubeide_1.10.1/stm32cubeide/plugins/com.st.stm32cube.ide.mcu.externaltools.gnu-tools-for-stm32.10.3-2021.10.win32_1.0.0.202111181127/tools/bin/../lib/gcc/arm-none-eabi/10.3.1/thumb/v7e-m+fp/hard/crti.o
 .bss           0x0000000000000000        0x0 c:/st/stm32cubeide_1.10.1/stm32cubeide/plugins/com.st.stm32cube.ide.mcu.externaltools.gnu-tools-for-stm32.10.3-2021.10.win32_1.0.0.202111181127/tools/bin/../lib/gcc/arm-none-eabi/10.3.1/thumb/v7e-m+fp/hard/crti.o
 .data          0x0000000000000000        0x4 c:/st/stm32cubeide_1.10.1/stm32cubeide/plugins/com.st.stm32cube.ide.mcu.externaltools.gnu-tools-for-stm32.10.3-2021.10.win32_1.0.0.202111181127/tools/bin/../lib/gcc/arm-none-eabi/10.3.1/thumb/v7e-m+fp/hard/crtbegin.o
 .rodata        0x0000000000000000       0x24 c:/st/stm32cubeide_1.10.1/stm32cubeide/plugins/com.st.stm32cube.ide.mcu.externaltools.gnu-tools-for-stm32.10.3-2021.10.win32_1.0.0.202111181127/tools/bin/../lib/gcc/arm-none-eabi/10.3.1/thumb/v7e-m+fp/hard/crtbegin.o
 .text          0x0000000000000000       0x7c c:/st/stm32cubeide_1.10.1/stm32cubeide/plugins/com.st.stm32cube.ide.mcu.externaltools.gnu-tools-for-stm32.10.3-2021.10.win32_1.0.0.202111181127/tools/bin/../lib/gcc/arm-none-eabi/10.3.1/../../../../arm-none-eabi/lib/thumb/v7e-m+fp/hard/crt0.o
 .data          0x0000000000000000        0x0 c:/st/stm32cubeide_1.10.1/stm32cubeide/plugins/com.st.stm32cube.ide.mcu.externaltools.gnu-tools-for-stm32.10.3-2021.10.win32_1.0.0.202111181127/tools/bin/../lib/gcc/arm-none-eabi/10.3.1/../../../../arm-none-eabi/lib/thumb/v7e-m+fp/hard/crt0.o
[...]
Memory Configuration

Name             Origin             Length             Attributes
CCMRAM           0x0000000010000000 0x0000000000002000 xrw
RAM              0x0000000020000000 0x000000000000a000 xrw
FLASH            0x0000000008000000 0x0000000000040000 xr
*default*        0x0000000000000000 0xffffffffffffffff

Linker script and memory map

LOAD c:/st/stm32cubeide_1.10.1/stm32cubeide/plugins/com.st.stm32cube.ide.mcu.externaltools.gnu-tools-for-stm32.10.3-2021.10.win32_1.0.0.202111181127/tools/bin/../lib/gcc/arm-none-eabi/10.3.1/thumb/v7e-m+fp/hard/crti.o
LOAD c:/st/stm32cubeide_1.10.1/stm32cubeide/plugins/com.st.stm32cube.ide.mcu.externaltools.gnu-tools-for-stm32.10.3-2021.10.win32_1.0.0.202111181127/tools/bin/../lib/gcc/arm-none-eabi/10.3.1/thumb/v7e-m+fp/hard/crtbegin.o
LOAD c:/st/stm32cubeide_1.10.1/stm32cubeide/plugins/com.st.stm32cube.ide.mcu.externaltools.gnu-tools-for-stm32.10.3-2021.10.win32_1.0.0.202111181127/tools/bin/../lib/gcc/arm-none-eabi/10.3.1/../../../../arm-none-eabi/lib/thumb/v7e-m+fp/hard/crt0.o
LOAD ./AppTest/Src/apptTest.o
LOAD ./Components/Src/servo_motor_outputs.o
LOAD ./Core/Src/freertos.o
LOAD ./Core/Src/gpio.o
LOAD ./Core/Src/main.o
LOAD ./Core/Src/stm32f3xx_hal_msp.o
LOAD ./Core/Src/stm32f3xx_it.o
LOAD ./Core/Src/syscalls.o
LOAD ./Core/Src/sysmem.o
LOAD ./Core/Src/system_stm32f3xx.o
LOAD ./Core/Startup/startup_stm32f303vctx.o
LOAD ./Drivers/STM32F3xx_HAL_Driver/Src/stm32f3xx_hal.o
LOAD ./Drivers/STM32F3xx_HAL_Driver/Src/stm32f3xx_hal_cortex.o
LOAD ./Drivers/STM32F3xx_HAL_Driver/Src/stm32f3xx_hal_dma.o
LOAD ./Drivers/STM32F3xx_HAL_Driver/Src/stm32f3xx_hal_exti.o
LOAD ./Drivers/STM32F3xx_HAL_Driver/Src/stm32f3xx_hal_flash.o
LOAD ./Drivers/STM32F3xx_HAL_Driver/Src/stm32f3xx_hal_flash_ex.o
LOAD ./Drivers/STM32F3xx_HAL_Driver/Src/stm32f3xx_hal_gpio.o
LOAD ./Drivers/STM32F3xx_HAL_Driver/Src/stm32f3xx_hal_i2c.o
LOAD ./Drivers/STM32F3xx_HAL_Driver/Src/stm32f3xx_hal_i2c_ex.o
LOAD ./Drivers/STM32F3xx_HAL_Driver/Src/stm32f3xx_hal_pwr.o
LOAD ./Drivers/STM32F3xx_HAL_Driver/Src/stm32f3xx_hal_pwr_ex.o
LOAD ./Drivers/STM32F3xx_HAL_Driver/Src/stm32f3xx_hal_rcc.o
LOAD ./Drivers/STM32F3xx_HAL_Driver/Src/stm32f3xx_hal_rcc_ex.o
LOAD ./Middlewares/Third_Party/FreeRTOS/Source/CMSIS_RTOS/cmsis_os.o
LOAD ./Middlewares/Third_Party/FreeRTOS/Source/croutine.o
LOAD ./Middlewares/Third_Party/FreeRTOS/Source/event_groups.o
LOAD ./Middlewares/Third_Party/FreeRTOS/Source/list.o
LOAD ./Middlewares/Third_Party/FreeRTOS/Source/queue.o
LOAD ./Middlewares/Third_Party/FreeRTOS/Source/stream_buffer.o
LOAD ./Middlewares/Third_Party/FreeRTOS/Source/tasks.o
LOAD ./Middlewares/Third_Party/FreeRTOS/Source/timers.o
LOAD ./Middlewares/Third_Party/FreeRTOS/Source/portable/GCC/ARM_CM4F/port.o
LOAD ./Middlewares/Third_Party/FreeRTOS/Source/portable/MemMang/heap_4.o
START GROUP
LOAD c:/st/stm32cubeide_1.10.1/stm32cubeide/plugins/com.st.stm32cube.ide.mcu.externaltools.gnu-tools-for-stm32.10.3-2021.10.win32_1.0.0.202111181127/tools/bin/../lib/gcc/arm-none-eabi/10.3.1/../../../../arm-none-eabi/lib/thumb/v7e-m+fp/hard\libc_nano.a
LOAD c:/st/stm32cubeide_1.10.1/stm32cubeide/plugins/com.st.stm32cube.ide.mcu.externaltools.gnu-tools-for-stm32.10.3-2021.10.win32_1.0.0.202111181127/tools/bin/../lib/gcc/arm-none-eabi/10.3.1/../../../../arm-none-eabi/lib/thumb/v7e-m+fp/hard\libm.a
END GROUP
START GROUP
LOAD c:/st/stm32cubeide_1.10.1/stm32cubeide/plugins/com.st.stm32cube.ide.mcu.externaltools.gnu-tools-for-stm32.10.3-2021.10.win32_1.0.0.202111181127/tools/bin/../lib/gcc/arm-none-eabi/10.3.1/thumb/v7e-m+fp/hard\libgcc.a
LOAD c:/st/stm32cubeide_1.10.1/stm32cubeide/plugins/com.st.stm32cube.ide.mcu.externaltools.gnu-tools-for-stm32.10.3-2021.10.win32_1.0.0.202111181127/tools/bin/../lib/gcc/arm-none-eabi/10.3.1/../../../../arm-none-eabi/lib/thumb/v7e-m+fp/hard\libc_nano.a
END GROUP
START GROUP
LOAD c:/st/stm32cubeide_1.10.1/stm32cubeide/plugins/com.st.stm32cube.ide.mcu.externaltools.gnu-tools-for-stm32.10.3-2021.10.win32_1.0.0.202111181127/tools/bin/../lib/gcc/arm-none-eabi/10.3.1/thumb/v7e-m+fp/hard\libgcc.a
LOAD c:/st/stm32cubeide_1.10.1/stm32cubeide/plugins/com.st.stm32cube.ide.mcu.externaltools.gnu-tools-for-stm32.10.3-2021.10.win32_1.0.0.202111181127/tools/bin/../lib/gcc/arm-none-eabi/10.3.1/../../../../arm-none-eabi/lib/thumb/v7e-m+fp/hard\libc_nano.a
LOAD c:/st/stm32cubeide_1.10.1/stm32cubeide/plugins/com.st.stm32cube.ide.mcu.externaltools.gnu-tools-for-stm32.10.3-2021.10.win32_1.0.0.202111181127/tools/bin/../lib/gcc/arm-none-eabi/10.3.1/../../../../arm-none-eabi/lib/thumb/v7e-m+fp/hard\libnosys.a
END GROUP
START GROUP
LOAD c:/st/stm32cubeide_1.10.1/stm32cubeide/plugins/com.st.stm32cube.ide.mcu.externaltools.gnu-tools-for-stm32.10.3-2021.10.win32_1.0.0.202111181127/tools/bin/../lib/gcc/arm-none-eabi/10.3.1/thumb/v7e-m+fp/hard\libgcc.a
LOAD c:/st/stm32cubeide_1.10.1/stm32cubeide/plugins/com.st.stm32cube.ide.mcu.externaltools.gnu-tools-for-stm32.10.3-2021.10.win32_1.0.0.202111181127/tools/bin/../lib/gcc/arm-none-eabi/10.3.1/../../../../arm-none-eabi/lib/thumb/v7e-m+fp/hard\libc_nano.a
LOAD c:/st/stm32cubeide_1.10.1/stm32cubeide/plugins/com.st.stm32cube.ide.mcu.externaltools.gnu-tools-for-stm32.10.3-2021.10.win32_1.0.0.202111181127/tools/bin/../lib/gcc/arm-none-eabi/10.3.1/../../../../arm-none-eabi/lib/thumb/v7e-m+fp/hard\libnosys.a
END GROUP
LOAD c:/st/stm32cubeide_1.10.1/stm32cubeide/plugins/com.st.stm32cube.ide.mcu.externaltools.gnu-tools-for-stm32.10.3-2021.10.win32_1.0.0.202111181127/tools/bin/../lib/gcc/arm-none-eabi/10.3.1/thumb/v7e-m+fp/hard/crtend.o
LOAD c:/st/stm32cubeide_1.10.1/stm32cubeide/plugins/com.st.stm32cube.ide.mcu.externaltools.gnu-tools-for-stm32.10.3-2021.10.win32_1.0.0.202111181127/tools/bin/../lib/gcc/arm-none-eabi/10.3.1/thumb/v7e-m+fp/hard/crtn.o
                0x000000002000a000                _estack = (ORIGIN (RAM) + LENGTH (RAM))
                0x0000000000000200                _Min_Heap_Size = 0x200
                0x0000000000000400                _Min_Stack_Size = 0x400

.isr_vector     0x0000000008000000      0x188
                0x0000000008000000                . = ALIGN (0x4)
 *(.isr_vector)
 .isr_vector    0x0000000008000000      0x188 ./Core/Startup/startup_stm32f303vctx.o
                0x0000000008000000                g_pfnVectors
                0x0000000008000188                . = ALIGN (0x4)

.text           0x0000000008000190     0x4c38
                0x0000000008000190                . = ALIGN (0x4)
 *(.text)
 .text          0x0000000008000190       0x40 c:/st/stm32cubeide_1.10.1/stm32cubeide/plugins/com.st.stm32cube.ide.mcu.externaltools.gnu-tools-for-stm32.10.3-2021.10.win32_1.0.0.202111181127/tools/bin/../lib/gcc/arm-none-eabi/10.3.1/thumb/v7e-m+fp/hard/crtbegin.o
 *(.text*)
 .text.AppTest_Init
                0x00000000080001d0        0xc ./AppTest/Src/apptTest.o
                0x00000000080001d0                AppTest_Init
 .text.AppTest_Loop
                0x00000000080001dc        0xc ./AppTest/Src/apptTest.o
                0x00000000080001dc                AppTest_Loop
 .text.AppTest_CallEachSecond
                0x00000000080001e8        0xc ./AppTest/Src/apptTest.o
                0x00000000080001e8                AppTest_CallEachSecond
 .text.SERVO_Motor_Init
                0x00000000080001f4       0x48 ./Components/Src/servo_motor_outputs.o
                0x00000000080001f4                SERVO_Motor_Init
 .text.SERVO_Motor_Loop
                0x000000000800023c       0x60 ./Components/Src/servo_motor_outputs.o
                0x000000000800023c                SERVO_Motor_Loop
 .text.SERVO_Motor_OneSecondCall
                0x000000000800029c       0x18 ./Components/Src/servo_motor_outputs.o
                0x000000000800029c                SERVO_Motor_OneSecondCall
 .text.SERVO_Motor_All_High
                0x00000000080002b4       0x44 ./Components/Src/servo_motor_outputs.o
                0x00000000080002b4                SERVO_Motor_All_High
 .text.SERVO_Motor_All_Low
                0x00000000080002f8       0x48 ./Components/Src/servo_motor_outputs.o
                0x00000000080002f8                SERVO_Motor_All_Low
 .text._servo_outputs_refresh_all
                0x0000000008000340       0x58 ./Components/Src/servo_motor_outputs.o
 .text._165_inputs_scan
                0x0000000008000398       0x48 ./Components/Src/servo_motor_outputs.o
 .text._inputs_read_pin
                0x00000000080003e0       0x60 ./Components/Src/servo_motor_outputs.o
 .text.vApplicationGetIdleTaskMemory
                0x0000000008000440       0x34 ./Core/Src/freertos.o
                0x0000000008000440                vApplicationGetIdleTaskMemory
 .text.vApplicationGetTimerTaskMemory
                0x0000000008000474       0x34 ./Core/Src/freertos.o
                0x0000000008000474                vApplicationGetTimerTaskMemory
 .text.MX_FREERTOS_Init
                0x00000000080004a8       0x5c ./Core/Src/freertos.o
                0x00000000080004a8                MX_FREERTOS_Init
 .text.StartDefaultTask
                0x0000000008000504       0x24 ./Core/Src/freertos.o
                0x0000000008000504                StartDefaultTask
 .text.PTCallback
                0x0000000008000528       0x14 ./Core/Src/freertos.o
                0x0000000008000528                PTCallback
 .text.MX_GPIO_Init
                0x000000000800053c       0x9c ./Core/Src/gpio.o
                0x000000000800053c                MX_GPIO_Init
 .text.main     0x00000000080005d8       0x1a ./Core/Src/main.o
                0x00000000080005d8                main
 .text.SystemClock_Config
                0x00000000080005f2       0x82 ./Core/Src/main.o
                0x00000000080005f2                SystemClock_Config
 .text.Error_Handler
                0x0000000008000674        0xa ./Core/Src/main.o
                0x0000000008000674                Error_Handler
 *fill*         0x000000000800067e        0x2 
 .text.HAL_MspInit
                0x0000000008000680       0x60 ./Core/Src/stm32f3xx_hal_msp.o
                0x0000000008000680                HAL_MspInit
 .text.NMI_Handler
                0x00000000080006e0        0x6 ./Core/Src/stm32f3xx_it.o
                0x00000000080006e0                NMI_Handler
 .text.HardFault_Handler
                0x00000000080006e6        0x6 ./Core/Src/stm32f3xx_it.o
                0x00000000080006e6                HardFault_Handler
 .text.MemManage_Handler
                0x00000000080006ec        0x6 ./Core/Src/stm32f3xx_it.o
                0x00000000080006ec                MemManage_Handler
 .text.BusFault_Handler
                0x00000000080006f2        0x6 ./Core/Src/stm32f3xx_it.o
                0x00000000080006f2                BusFault_Handler
 .text.UsageFault_Handler
                0x00000000080006f8        0x6 ./Core/Src/stm32f3xx_it.o
                0x00000000080006f8                UsageFault_Handler
 .text.DebugMon_Handler
                0x00000000080006fe        0xe ./Core/Src/stm32f3xx_it.o
                0x00000000080006fe                DebugMon_Handler
 .text.SysTick_Handler
                0x000000000800070c       0x1a ./Core/Src/stm32f3xx_it.o
                0x000000000800070c                SysTick_Handler
 .text.PVD_IRQHandler
                0x0000000008000726        0xc ./Core/Src/stm32f3xx_it.o
                0x0000000008000726                PVD_IRQHandler
 *fill*         0x0000000008000732        0x2 
 .text.SystemInit
                0x0000000008000734       0x24 ./Core/Src/system_stm32f3xx.o
                0x0000000008000734                SystemInit
 .text.Reset_Handler
                0x0000000008000758       0x50 ./Core/Startup/startup_stm32f303vctx.o
                0x0000000008000758                Reset_Handler
 .text.Default_Handler
                0x00000000080007a8        0x2 ./Core/Startup/startup_stm32f303vctx.o
                0x00000000080007a8                RTC_Alarm_IRQHandler
                0x00000000080007a8                TIM8_TRG_COM_IRQHandler
                0x00000000080007a8                TIM8_CC_IRQHandler
                0x00000000080007a8                TIM1_CC_IRQHandler
                0x00000000080007a8                USB_HP_IRQHandler
                0x00000000080007a8                TAMP_STAMP_IRQHandler
                0x00000000080007a8                EXTI3_IRQHandler
                0x00000000080007a8                USB_HP_CAN_TX_IRQHandler
                0x00000000080007a8                EXTI0_IRQHandler
                0x00000000080007a8                I2C2_EV_IRQHandler
                0x00000000080007a8                FPU_IRQHandler
                0x00000000080007a8                TIM1_UP_TIM16_IRQHandler
                0x00000000080007a8                ADC1_2_IRQHandler
                0x00000000080007a8                SPI1_IRQHandler
                0x00000000080007a8                CAN_SCE_IRQHandler
                0x00000000080007a8                TIM6_DAC_IRQHandler
                0x00000000080007a8                TIM8_UP_IRQHandler
                0x00000000080007a8                DMA2_Channel2_IRQHandler
                0x00000000080007a8                DMA1_Channel4_IRQHandler
                0x00000000080007a8                USART3_IRQHandler
                0x00000000080007a8                DMA1_Channel7_IRQHandler
                0x00000000080007a8                UART5_IRQHandler
                0x00000000080007a8                ADC3_IRQHandler
                0x00000000080007a8                TIM4_IRQHandler
                0x00000000080007a8                CAN_RX1_IRQHandler
                0x00000000080007a8                DMA2_Channel1_IRQHandler
                0x00000000080007a8                I2C1_EV_IRQHandler
                0x00000000080007a8                DMA1_Channel6_IRQHandler
                0x00000000080007a8                UART4_IRQHandler
                0x00000000080007a8                DMA2_Channel4_IRQHandler
                0x00000000080007a8                TIM3_IRQHandler
                0x00000000080007a8                RCC_IRQHandler
                0x00000000080007a8                DMA1_Channel1_IRQHandler
                0x00000000080007a8                Default_Handler
                0x00000000080007a8                USBWakeUp_RMP_IRQHandler
                0x00000000080007a8                EXTI15_10_IRQHandler
                0x00000000080007a8                TIM7_IRQHandler
                0x00000000080007a8                EXTI9_5_IRQHandler
                0x00000000080007a8                RTC_WKUP_IRQHandler
                0x00000000080007a8                SPI2_IRQHandler
                0x00000000080007a8                USB_LP_CAN_RX0_IRQHandler
                0x00000000080007a8                DMA2_Channel5_IRQHandler
                0x00000000080007a8                DMA1_Channel5_IRQHandler
                0x00000000080007a8                USB_LP_IRQHandler
                0x00000000080007a8                EXTI4_IRQHandler
                0x00000000080007a8                TIM1_TRG_COM_TIM17_IRQHandler
                0x00000000080007a8                DMA1_Channel3_IRQHandler
                0x00000000080007a8                ADC4_IRQHandler
                0x00000000080007a8                WWDG_IRQHandler
                0x00000000080007a8                TIM2_IRQHandler
                0x00000000080007a8                COMP7_IRQHandler
                0x00000000080007a8                COMP1_2_3_IRQHandler
                0x00000000080007a8                EXTI1_IRQHandler
                0x00000000080007a8                USART2_IRQHandler
                0x00000000080007a8                COMP4_5_6_IRQHandler
                0x00000000080007a8                I2C2_ER_IRQHandler
                0x00000000080007a8                DMA1_Channel2_IRQHandler
                0x00000000080007a8                TIM8_BRK_IRQHandler
                0x00000000080007a8                FLASH_IRQHandler
                0x00000000080007a8                USART1_IRQHandler
                0x00000000080007a8                SPI3_IRQHandler
                0x00000000080007a8                I2C1_ER_IRQHandler
                0x00000000080007a8                USBWakeUp_IRQHandler
                0x00000000080007a8                DMA2_Channel3_IRQHandler
                0x00000000080007a8                EXTI2_TSC_IRQHandler
                0x00000000080007a8                TIM1_BRK_TIM15_IRQHandler
 *fill*         0x00000000080007aa        0x2 
 .text.HAL_Init
                0x00000000080007ac       0x2c ./Drivers/STM32F3xx_HAL_Driver/Src/stm32f3xx_hal.o
                0x00000000080007ac                HAL_Init
 .text.HAL_InitTick
                0x00000000080007d8       0x60 ./Drivers/STM32F3xx_HAL_Driver/Src/stm32f3xx_hal.o
                0x00000000080007d8                HAL_InitTick
 .text.HAL_IncTick
                0x0000000008000838       0x28 ./Drivers/STM32F3xx_HAL_Driver/Src/stm32f3xx_hal.o
                0x0000000008000838                HAL_IncTick
 .text.HAL_GetTick
                0x0000000008000860       0x18 ./Drivers/STM32F3xx_HAL_Driver/Src/stm32f3xx_hal.o
                0x0000000008000860                HAL_GetTick
 .text.__NVIC_SetPriorityGrouping
                0x0000000008000878       0x48 ./Drivers/STM32F3xx_HAL_Driver/Src/stm32f3xx_hal_cortex.o
 .text.__NVIC_GetPriorityGrouping
                0x00000000080008c0       0x1c ./Drivers/STM32F3xx_HAL_Driver/Src/stm32f3xx_hal_cortex.o
 .text.__NVIC_EnableIRQ
                0x00000000080008dc       0x3c ./Drivers/STM32F3xx_HAL_Driver/Src/stm32f3xx_hal_cortex.o
 .text.__NVIC_SetPriority
                0x0000000008000918       0x54 ./Drivers/STM32F3xx_HAL_Driver/Src/stm32f3xx_hal_cortex.o
 .text.NVIC_EncodePriority
                0x000000000800096c       0x66 ./Drivers/STM32F3xx_HAL_Driver/Src/stm32f3xx_hal_cortex.o
 *fill*         0x00000000080009d2        0x2 
 .text.SysTick_Config
                0x00000000080009d4       0x44 ./Drivers/STM32F3xx_HAL_Driver/Src/stm32f3xx_hal_cortex.o
 .text.HAL_NVIC_SetPriorityGrouping
                0x0000000008000a18       0x16 ./Drivers/STM32F3xx_HAL_Driver/Src/stm32f3xx_hal_cortex.o
                0x0000000008000a18                HAL_NVIC_SetPriorityGrouping
 .text.HAL_NVIC_SetPriority
                0x0000000008000a2e       0x38 ./Drivers/STM32F3xx_HAL_Driver/Src/stm32f3xx_hal_cortex.o
                0x0000000008000a2e                HAL_NVIC_SetPriority
 .text.HAL_NVIC_EnableIRQ
                0x0000000008000a66       0x1c ./Drivers/STM32F3xx_HAL_Driver/Src/stm32f3xx_hal_cortex.o
                0x0000000008000a66                HAL_NVIC_EnableIRQ
 .text.HAL_SYSTICK_Config
                0x0000000008000a82       0x18 ./Drivers/STM32F3xx_HAL_Driver/Src/stm32f3xx_hal_cortex.o
                0x0000000008000a82                HAL_SYSTICK_Config
 *fill*         0x0000000008000a9a        0x2 
 .text.HAL_GPIO_Init
                0x0000000008000a9c      0x2f4 ./Drivers/STM32F3xx_HAL_Driver/Src/stm32f3xx_hal_gpio.o
                0x0000000008000a9c                HAL_GPIO_Init
 .text.HAL_GPIO_ReadPin
                0x0000000008000d90       0x30 ./Drivers/STM32F3xx_HAL_Driver/Src/stm32f3xx_hal_gpio.o
                0x0000000008000d90                HAL_GPIO_ReadPin
 .text.HAL_GPIO_WritePin
                0x0000000008000dc0       0x30 ./Drivers/STM32F3xx_HAL_Driver/Src/stm32f3xx_hal_gpio.o
                0x0000000008000dc0                HAL_GPIO_WritePin
 .text.HAL_PWR_PVD_IRQHandler
                0x0000000008000df0       0x24 ./Drivers/STM32F3xx_HAL_Driver/Src/stm32f3xx_hal_pwr_ex.o
                0x0000000008000df0                HAL_PWR_PVD_IRQHandler
 .text.HAL_PWR_PVDCallback
                0x0000000008000e14        0xe ./Drivers/STM32F3xx_HAL_Driver/Src/stm32f3xx_hal_pwr_ex.o
                0x0000000008000e14                HAL_PWR_PVDCallback
 *fill*         0x0000000008000e22        0x2 
 .text.HAL_RCC_OscConfig
                0x0000000008000e24     0x107c ./Drivers/STM32F3xx_HAL_Driver/Src/stm32f3xx_hal_rcc.o
                0x0000000008000e24                HAL_RCC_OscConfig
 .text.HAL_RCC_ClockConfig
                0x0000000008001ea0      0x2f8 ./Drivers/STM32F3xx_HAL_Driver/Src/stm32f3xx_hal_rcc.o
                0x0000000008001ea0                HAL_RCC_ClockConfig
 .text.HAL_RCC_GetSysClockFreq
                0x0000000008002198       0xd4 ./Drivers/STM32F3xx_HAL_Driver/Src/stm32f3xx_hal_rcc.o
                0x0000000008002198                HAL_RCC_GetSysClockFreq
 .text.makeFreeRtosPriority
                0x000000000800226c       0x30 ./Middlewares/Third_Party/FreeRTOS/Source/CMSIS_RTOS/cmsis_os.o
 .text.inHandlerMode
                0x000000000800229c       0x24 ./Middlewares/Third_Party/FreeRTOS/Source/CMSIS_RTOS/cmsis_os.o
 .text.osKernelStart
                0x00000000080022c0        0xe ./Middlewares/Third_Party/FreeRTOS/Source/CMSIS_RTOS/cmsis_os.o
                0x00000000080022c0                osKernelStart
 .text.osThreadCreate
                0x00000000080022ce       0x98 ./Middlewares/Third_Party/FreeRTOS/Source/CMSIS_RTOS/cmsis_os.o
                0x00000000080022ce                osThreadCreate
 .text.osDelay  0x0000000008002366       0x28 ./Middlewares/Third_Party/FreeRTOS/Source/CMSIS_RTOS/cmsis_os.o
                0x0000000008002366                osDelay
 *fill*         0x000000000800238e        0x2 
 .text.osTimerCreate
                0x0000000008002390       0x68 ./Middlewares/Third_Party/FreeRTOS/Source/CMSIS_RTOS/cmsis_os.o
                0x0000000008002390                osTimerCreate
 .text.osTimerStart
                0x00000000080023f8       0x88 ./Middlewares/Third_Party/FreeRTOS/Source/CMSIS_RTOS/cmsis_os.o
                0x00000000080023f8                osTimerStart
 .text.vListInitialise
                0x0000000008002480       0x40 ./Middlewares/Third_Party/FreeRTOS/Source/list.o
                0x0000000008002480                vListInitialise
 .text.vListInitialiseItem
                0x00000000080024c0       0x1a ./Middlewares/Third_Party/FreeRTOS/Source/list.o
                0x00000000080024c0                vListInitialiseItem
 .text.vListInsertEnd
                0x00000000080024da       0x48 ./Middlewares/Third_Party/FreeRTOS/Source/list.o
                0x00000000080024da                vListInsertEnd
 .text.vListInsert
                0x0000000008002522       0x72 ./Middlewares/Third_Party/FreeRTOS/Source/list.o
                0x0000000008002522                vListInsert
 .text.uxListRemove
                0x0000000008002594       0x54 ./Middlewares/Third_Party/FreeRTOS/Source/list.o
                0x0000000008002594                uxListRemove
 .text.xQueueGenericReset
                0x00000000080025e8       0xd0 ./Middlewares/Third_Party/FreeRTOS/Source/queue.o
                0x00000000080025e8                xQueueGenericReset
 .text.xQueueGenericCreateStatic
                0x00000000080026b8       0xee ./Middlewares/Third_Party/FreeRTOS/Source/queue.o
                0x00000000080026b8                xQueueGenericCreateStatic
 .text.prvInitialiseNewQueue
                0x00000000080027a6       0x3e ./Middlewares/Third_Party/FreeRTOS/Source/queue.o
 .text.xQueueGenericSend
                0x00000000080027e4      0x1fc ./Middlewares/Third_Party/FreeRTOS/Source/queue.o
                0x00000000080027e4                xQueueGenericSend
 .text.xQueueGenericSendFromISR
                0x00000000080029e0      0x130 ./Middlewares/Third_Party/FreeRTOS/Source/queue.o
                0x00000000080029e0                xQueueGenericSendFromISR
 .text.xQueueReceive
                0x0000000008002b10      0x1c0 ./Middlewares/Third_Party/FreeRTOS/Source/queue.o
                0x0000000008002b10                xQueueReceive
 .text.prvCopyDataToQueue
                0x0000000008002cd0       0xd4 ./Middlewares/Third_Party/FreeRTOS/Source/queue.o
 .text.prvCopyDataFromQueue
                0x0000000008002da4       0x4c ./Middlewares/Third_Party/FreeRTOS/Source/queue.o
 .text.prvUnlockQueue
                0x0000000008002df0       0xa4 ./Middlewares/Third_Party/FreeRTOS/Source/queue.o
 .text.prvIsQueueEmpty
                0x0000000008002e94       0x2c ./Middlewares/Third_Party/FreeRTOS/Source/queue.o
 .text.prvIsQueueFull
                0x0000000008002ec0       0x30 ./Middlewares/Third_Party/FreeRTOS/Source/queue.o
 .text.vQueueAddToRegistry
                0x0000000008002ef0       0x54 ./Middlewares/Third_Party/FreeRTOS/Source/queue.o
                0x0000000008002ef0                vQueueAddToRegistry
 .text.vQueueWaitForMessageRestricted
                0x0000000008002f44       0x68 ./Middlewares/Third_Party/FreeRTOS/Source/queue.o
                0x0000000008002f44                vQueueWaitForMessageRestricted
 .text.xTaskCreateStatic
                0x0000000008002fac       0xb8 ./Middlewares/Third_Party/FreeRTOS/Source/tasks.o
                0x0000000008002fac                xTaskCreateStatic
 .text.xTaskCreate
                0x0000000008003064       0x8a ./Middlewares/Third_Party/FreeRTOS/Source/tasks.o
                0x0000000008003064                xTaskCreate
 .text.prvInitialiseNewTask
                0x00000000080030ee       0xfe ./Middlewares/Third_Party/FreeRTOS/Source/tasks.o
 .text.prvAddNewTaskToReadyList
                0x00000000080031ec       0xd4 ./Middlewares/Third_Party/FreeRTOS/Source/tasks.o
 .text.vTaskDelay
                0x00000000080032c0       0x68 ./Middlewares/Third_Party/FreeRTOS/Source/tasks.o
                0x00000000080032c0                vTaskDelay
 .text.vTaskStartScheduler
                0x0000000008003328       0xcc ./Middlewares/Third_Party/FreeRTOS/Source/tasks.o
                0x0000000008003328                vTaskStartScheduler
 .text.vTaskSuspendAll
                0x00000000080033f4       0x1c ./Middlewares/Third_Party/FreeRTOS/Source/tasks.o
                0x00000000080033f4                vTaskSuspendAll
 .text.xTaskResumeAll
                0x0000000008003410      0x138 ./Middlewares/Third_Party/FreeRTOS/Source/tasks.o
                0x0000000008003410                xTaskResumeAll
 .text.xTaskGetTickCount
                0x0000000008003548       0x20 ./Middlewares/Third_Party/FreeRTOS/Source/tasks.o
                0x0000000008003548                xTaskGetTickCount
 .text.xTaskIncrementTick
                0x0000000008003568      0x17c ./Middlewares/Third_Party/FreeRTOS/Source/tasks.o
                0x0000000008003568                xTaskIncrementTick
 .text.vTaskSwitchContext
                0x00000000080036e4       0xb8 ./Middlewares/Third_Party/FreeRTOS/Source/tasks.o
                0x00000000080036e4                vTaskSwitchContext
 .text.vTaskPlaceOnEventList
                0x000000000800379c       0x48 ./Middlewares/Third_Party/FreeRTOS/Source/tasks.o
                0x000000000800379c                vTaskPlaceOnEventList
 .text.vTaskPlaceOnEventListRestricted
                0x00000000080037e4       0x58 ./Middlewares/Third_Party/FreeRTOS/Source/tasks.o
                0x00000000080037e4                vTaskPlaceOnEventListRestricted
 .text.xTaskRemoveFromEventList
                0x000000000800383c       0xc4 ./Middlewares/Third_Party/FreeRTOS/Source/tasks.o
                0x000000000800383c                xTaskRemoveFromEventList
 .text.vTaskInternalSetTimeOutState
                0x0000000008003900       0x2c ./Middlewares/Third_Party/FreeRTOS/Source/tasks.o
                0x0000000008003900                vTaskInternalSetTimeOutState
 .text.xTaskCheckForTimeOut
                0x000000000800392c       0xc4 ./Middlewares/Third_Party/FreeRTOS/Source/tasks.o
                0x000000000800392c                xTaskCheckForTimeOut
 .text.vTaskMissedYield
                0x00000000080039f0       0x18 ./Middlewares/Third_Party/FreeRTOS/Source/tasks.o
                0x00000000080039f0                vTaskMissedYield
 .text.prvIdleTask
                0x0000000008003a08       0x30 ./Middlewares/Third_Party/FreeRTOS/Source/tasks.o
 .text.prvInitialiseTaskLists
                0x0000000008003a38       0x80 ./Middlewares/Third_Party/FreeRTOS/Source/tasks.o
 .text.prvCheckTasksWaitingTermination
                0x0000000008003ab8       0x5c ./Middlewares/Third_Party/FreeRTOS/Source/tasks.o
 .text.prvDeleteTCB
                0x0000000008003b14       0x5e ./Middlewares/Third_Party/FreeRTOS/Source/tasks.o
 *fill*         0x0000000008003b72        0x2 
 .text.prvResetNextTaskUnblockTime
                0x0000000008003b74       0x4c ./Middlewares/Third_Party/FreeRTOS/Source/tasks.o
 .text.xTaskGetSchedulerState
                0x0000000008003bc0       0x3c ./Middlewares/Third_Party/FreeRTOS/Source/tasks.o
                0x0000000008003bc0                xTaskGetSchedulerState
 .text.xTaskPriorityDisinherit
                0x0000000008003bfc      0x10c ./Middlewares/Third_Party/FreeRTOS/Source/tasks.o
                0x0000000008003bfc                xTaskPriorityDisinherit
 .text.prvAddCurrentTaskToDelayedList
                0x0000000008003d08       0xcc ./Middlewares/Third_Party/FreeRTOS/Source/tasks.o
 .text.xTimerCreateTimerTask
                0x0000000008003dd4       0x90 ./Middlewares/Third_Party/FreeRTOS/Source/timers.o
                0x0000000008003dd4                xTimerCreateTimerTask
 .text.xTimerCreate
                0x0000000008003e64       0x42 ./Middlewares/Third_Party/FreeRTOS/Source/timers.o
                0x0000000008003e64                xTimerCreate
 .text.xTimerCreateStatic
                0x0000000008003ea6       0x7a ./Middlewares/Third_Party/FreeRTOS/Source/timers.o
                0x0000000008003ea6                xTimerCreateStatic
 .text.prvInitialiseNewTimer
                0x0000000008003f20       0x64 ./Middlewares/Third_Party/FreeRTOS/Source/timers.o
 .text.xTimerGenericCommand
                0x0000000008003f84       0x9c ./Middlewares/Third_Party/FreeRTOS/Source/timers.o
                0x0000000008003f84                xTimerGenericCommand
 .text.prvProcessExpiredTimer
                0x0000000008004020       0x80 ./Middlewares/Third_Party/FreeRTOS/Source/timers.o
 .text.prvTimerTask
                0x00000000080040a0       0x24 ./Middlewares/Third_Party/FreeRTOS/Source/timers.o
 .text.prvProcessTimerOrBlockTask
                0x00000000080040c4       0x9c ./Middlewares/Third_Party/FreeRTOS/Source/timers.o
 .text.prvGetNextExpireTime
                0x0000000008004160       0x48 ./Middlewares/Third_Party/FreeRTOS/Source/timers.o
 .text.prvSampleTimeNow
                0x00000000080041a8       0x40 ./Middlewares/Third_Party/FreeRTOS/Source/timers.o
 .text.prvInsertTimerInActiveList
                0x00000000080041e8       0x84 ./Middlewares/Third_Party/FreeRTOS/Source/timers.o
 .text.prvProcessReceivedCommands
                0x000000000800426c      0x134 ./Middlewares/Third_Party/FreeRTOS/Source/timers.o
 .text.prvSwitchTimerLists
                0x00000000080043a0       0xc4 ./Middlewares/Third_Party/FreeRTOS/Source/timers.o
 .text.prvCheckForValidListAndQueue
                0x0000000008004464       0x80 ./Middlewares/Third_Party/FreeRTOS/Source/timers.o
 .text.pxPortInitialiseStack
                0x00000000080044e4       0x68 ./Middlewares/Third_Party/FreeRTOS/Source/portable/GCC/ARM_CM4F/port.o
                0x00000000080044e4                pxPortInitialiseStack
 .text.prvTaskExitError
                0x000000000800454c       0x58 ./Middlewares/Third_Party/FreeRTOS/Source/portable/GCC/ARM_CM4F/port.o
 *fill*         0x00000000080045a4        0xc 
 .text.SVC_Handler
                0x00000000080045b0       0x28 ./Middlewares/Third_Party/FreeRTOS/Source/portable/GCC/ARM_CM4F/port.o
                0x00000000080045b0                SVC_Handler
 .text.prvPortStartFirstTask
                0x00000000080045d8       0x28 ./Middlewares/Third_Party/FreeRTOS/Source/portable/GCC/ARM_CM4F/port.o
 .text.xPortStartScheduler
                0x0000000008004600      0x144 ./Middlewares/Third_Party/FreeRTOS/Source/portable/GCC/ARM_CM4F/port.o
                0x0000000008004600                xPortStartScheduler
 .text.vPortEnterCritical
                0x0000000008004744       0x60 ./Middlewares/Third_Party/FreeRTOS/Source/portable/GCC/ARM_CM4F/port.o
                0x0000000008004744                vPortEnterCritical
 .text.vPortExitCritical
                0x00000000080047a4       0x54 ./Middlewares/Third_Party/FreeRTOS/Source/portable/GCC/ARM_CM4F/port.o
                0x00000000080047a4                vPortExitCritical
 *fill*         0x00000000080047f8        0x8 
 .text.PendSV_Handler
                0x0000000008004800       0x68 ./Middlewares/Third_Party/FreeRTOS/Source/portable/GCC/ARM_CM4F/port.o
                0x0000000008004800                PendSV_Handler
 .text.xPortSysTickHandler
                0x0000000008004868       0x44 ./Middlewares/Third_Party/FreeRTOS/Source/portable/GCC/ARM_CM4F/port.o
                0x0000000008004868                xPortSysTickHandler
 .text.vPortSetupTimerInterrupt
                0x00000000080048ac       0x48 ./Middlewares/Third_Party/FreeRTOS/Source/portable/GCC/ARM_CM4F/port.o
                0x00000000080048ac                vPortSetupTimerInterrupt
 .text.vPortEnableVFP
                0x00000000080048f4       0x14 ./Middlewares/Third_Party/FreeRTOS/Source/portable/GCC/ARM_CM4F/port.o
 .text.vPortValidateInterruptPriority
                0x0000000008004908       0x80 ./Middlewares/Third_Party/FreeRTOS/Source/portable/GCC/ARM_CM4F/port.o
                0x0000000008004908                vPortValidateInterruptPriority
 .text.pvPortMalloc
                0x0000000008004988      0x188 ./Middlewares/Third_Party/FreeRTOS/Source/portable/MemMang/heap_4.o
                0x0000000008004988                pvPortMalloc
 .text.vPortFree
                0x0000000008004b10       0xb4 ./Middlewares/Third_Party/FreeRTOS/Source/portable/MemMang/heap_4.o
                0x0000000008004b10                vPortFree
 .text.prvHeapInit
                0x0000000008004bc4       0xc4 ./Middlewares/Third_Party/FreeRTOS/Source/portable/MemMang/heap_4.o
 .text.prvInsertBlockIntoFreeList
                0x0000000008004c88       0xb4 ./Middlewares/Third_Party/FreeRTOS/Source/portable/MemMang/heap_4.o
 .text.__libc_init_array
                0x0000000008004d3c       0x48 c:/st/stm32cubeide_1.10.1/stm32cubeide/plugins/com.st.stm32cube.ide.mcu.externaltools.gnu-tools-for-stm32.10.3-2021.10.win32_1.0.0.202111181127/tools/bin/../lib/gcc/arm-none-eabi/10.3.1/../../../../arm-none-eabi/lib/thumb/v7e-m+fp/hard\libc_nano.a(lib_a-init.o)
                0x0000000008004d3c                __libc_init_array
 .text.memcpy   0x0000000008004d84       0x1c c:/st/stm32cubeide_1.10.1/stm32cubeide/plugins/com.st.stm32cube.ide.mcu.externaltools.gnu-tools-for-stm32.10.3-2021.10.win32_1.0.0.202111181127/tools/bin/../lib/gcc/arm-none-eabi/10.3.1/../../../../arm-none-eabi/lib/thumb/v7e-m+fp/hard\libc_nano.a(lib_a-memcpy-stub.o)
                0x0000000008004d84                memcpy
 .text.memset   0x0000000008004da0       0x10 c:/st/stm32cubeide_1.10.1/stm32cubeide/plugins/com.st.stm32cube.ide.mcu.externaltools.gnu-tools-for-stm32.10.3-2021.10.win32_1.0.0.202111181127/tools/bin/../lib/gcc/arm-none-eabi/10.3.1/../../../../arm-none-eabi/lib/thumb/v7e-m+fp/hard\libc_nano.a(lib_a-memset.o)
                0x0000000008004da0                memset
 *(.glue_7)
 .glue_7        0x0000000008004db0        0x0 linker stubs
 *(.glue_7t)
 .glue_7t       0x0000000008004db0        0x0 linker stubs
 *(.eh_frame)
 .eh_frame      0x0000000008004db0        0x0 c:/st/stm32cubeide_1.10.1/stm32cubeide/plugins/com.st.stm32cube.ide.mcu.externaltools.gnu-tools-for-stm32.10.3-2021.10.win32_1.0.0.202111181127/tools/bin/../lib/gcc/arm-none-eabi/10.3.1/thumb/v7e-m+fp/hard/crtbegin.o
 *(.init)
 .init          0x0000000008004db0        0x4 c:/st/stm32cubeide_1.10.1/stm32cubeide/plugins/com.st.stm32cube.ide.mcu.externaltools.gnu-tools-for-stm32.10.3-2021.10.win32_1.0.0.202111181127/tools/bin/../lib/gcc/arm-none-eabi/10.3.1/thumb/v7e-m+fp/hard/crti.o
                0x0000000008004db0                _init
 .init          0x0000000008004db4        0x8 c:/st/stm32cubeide_1.10.1/stm32cubeide/plugins/com.st.stm32cube.ide.mcu.externaltools.gnu-tools-for-stm32.10.3-2021.10.win32_1.0.0.202111181127/tools/bin/../lib/gcc/arm-none-eabi/10.3.1/thumb/v7e-m+fp/hard/crtn.o
 *(.fini)
 .fini          0x0000000008004dbc        0x4 c:/st/stm32cubeide_1.10.1/stm32cubeide/plugins/com.st.stm32cube.ide.mcu.externaltools.gnu-tools-for-stm32.10.3-2021.10.win32_1.0.0.202111181127/tools/bin/../lib/gcc/arm-none-eabi/10.3.1/thumb/v7e-m+fp/hard/crti.o
                0x0000000008004dbc                _fini
 .fini          0x0000000008004dc0        0x8 c:/st/stm32cubeide_1.10.1/stm32cubeide/plugins/com.st.stm32cube.ide.mcu.externaltools.gnu-tools-for-stm32.10.3-2021.10.win32_1.0.0.202111181127/tools/bin/../lib/gcc/arm-none-eabi/10.3.1/thumb/v7e-m+fp/hard/crtn.o
                0x0000000008004dc8                . = ALIGN (0x4)
                0x0000000008004dc8                _etext = .

.vfp11_veneer   0x0000000008004dc8        0x0
 .vfp11_veneer  0x0000000008004dc8        0x0 linker stubs

.v4_bx          0x0000000008004dc8        0x0
 .v4_bx         0x0000000008004dc8        0x0 linker stubs

.iplt           0x0000000008004dc8        0x0
 .iplt          0x0000000008004dc8        0x0 c:/st/stm32cubeide_1.10.1/stm32cubeide/plugins/com.st.stm32cube.ide.mcu.externaltools.gnu-tools-for-stm32.10.3-2021.10.win32_1.0.0.202111181127/tools/bin/../lib/gcc/arm-none-eabi/10.3.1/thumb/v7e-m+fp/hard/crtbegin.o

.rodata         0x0000000008004dc8       0x74
                0x0000000008004dc8                . = ALIGN (0x4)
 *(.rodata)
 .rodata        0x0000000008004dc8       0x28 ./Core/Src/freertos.o
 .rodata        0x0000000008004df0        0x1 ./Middlewares/Third_Party/FreeRTOS/Source/CMSIS_RTOS/cmsis_os.o
 *fill*         0x0000000008004df1        0x3 
 .rodata        0x0000000008004df4        0x5 ./Middlewares/Third_Party/FreeRTOS/Source/tasks.o
 *fill*         0x0000000008004df9        0x3 
 .rodata        0x0000000008004dfc        0xd ./Middlewares/Third_Party/FreeRTOS/Source/timers.o
 *(.rodata*)
 *fill*         0x0000000008004e09        0x3 
 .rodata.AHBPrescTable
                0x0000000008004e0c       0x10 ./Core/Src/system_stm32f3xx.o
                0x0000000008004e0c                AHBPrescTable
 .rodata.aPLLMULFactorTable
                0x0000000008004e1c       0x10 ./Drivers/STM32F3xx_HAL_Driver/Src/stm32f3xx_hal_rcc.o
                0x0000000008004e1c                aPLLMULFactorTable
 .rodata.aPredivFactorTable
                0x0000000008004e2c       0x10 ./Drivers/STM32F3xx_HAL_Driver/Src/stm32f3xx_hal_rcc.o
                0x0000000008004e2c                aPredivFactorTable
                0x0000000008004e3c                . = ALIGN (0x4)

.rel.dyn        0x0000000008004e3c        0x0
 .rel.iplt      0x0000000008004e3c        0x0 c:/st/stm32cubeide_1.10.1/stm32cubeide/plugins/com.st.stm32cube.ide.mcu.externaltools.gnu-tools-for-stm32.10.3-2021.10.win32_1.0.0.202111181127/tools/bin/../lib/gcc/arm-none-eabi/10.3.1/thumb/v7e-m+fp/hard/crtbegin.o

.ARM.extab      0x0000000008004e3c        0x0
                0x0000000008004e3c                . = ALIGN (0x4)
 *(.ARM.extab* .gnu.linkonce.armextab.*)
                0x0000000008004e3c                . = ALIGN (0x4)

.ARM            0x0000000008004e3c        0x0
                0x0000000008004e3c                . = ALIGN (0x4)
                0x0000000008004e3c                __exidx_start = .
 *(.ARM.exidx*)
                0x0000000008004e3c                __exidx_end = .
                0x0000000008004e3c                . = ALIGN (0x4)

.preinit_array  0x0000000008004e3c        0x0
                0x0000000008004e3c                . = ALIGN (0x4)
                0x0000000008004e3c                PROVIDE (__preinit_array_start = .)
 *(.preinit_array*)
                0x0000000008004e3c                PROVIDE (__preinit_array_end = .)
                0x0000000008004e3c                . = ALIGN (0x4)

.init_array     0x0000000008004e3c        0x4
                0x0000000008004e3c                . = ALIGN (0x4)
                0x0000000008004e3c                PROVIDE (__init_array_start = .)
 *(SORT_BY_NAME(.init_array.*))
 *(.init_array*)
 .init_array    0x0000000008004e3c        0x4 c:/st/stm32cubeide_1.10.1/stm32cubeide/plugins/com.st.stm32cube.ide.mcu.externaltools.gnu-tools-for-stm32.10.3-2021.10.win32_1.0.0.202111181127/tools/bin/../lib/gcc/arm-none-eabi/10.3.1/thumb/v7e-m+fp/hard/crtbegin.o
                0x0000000008004e40                PROVIDE (__init_array_end = .)
                0x0000000008004e40                . = ALIGN (0x4)

.fini_array     0x0000000008004e40        0x4
                0x0000000008004e40                . = ALIGN (0x4)
                [!provide]                        PROVIDE (__fini_array_start = .)
 *(SORT_BY_NAME(.fini_array.*))
 *(.fini_array*)
 .fini_array    0x0000000008004e40        0x4 c:/st/stm32cubeide_1.10.1/stm32cubeide/plugins/com.st.stm32cube.ide.mcu.externaltools.gnu-tools-for-stm32.10.3-2021.10.win32_1.0.0.202111181127/tools/bin/../lib/gcc/arm-none-eabi/10.3.1/thumb/v7e-m+fp/hard/crtbegin.o
                [!provide]                        PROVIDE (__fini_array_end = .)
                0x0000000008004e44                . = ALIGN (0x4)
                0x0000000008004e44                _sidata = LOADADDR (.data)

.data           0x0000000020000000       0x48 load address 0x0000000008004e44
                0x0000000020000000                . = ALIGN (0x4)
                0x0000000020000000                _sdata = .
 *(.data)
 *(.data*)
 .data.servo_motor_output_array
                0x0000000020000000       0x38 ./Components/Src/servo_motor_outputs.o
 .data.SystemCoreClock
                0x0000000020000038        0x4 ./Core/Src/system_stm32f3xx.o
                0x0000000020000038                SystemCoreClock
 .data.uwTickPrio
                0x000000002000003c        0x4 ./Drivers/STM32F3xx_HAL_Driver/Src/stm32f3xx_hal.o
                0x000000002000003c                uwTickPrio
 .data.uwTickFreq
                0x0000000020000040        0x1 ./Drivers/STM32F3xx_HAL_Driver/Src/stm32f3xx_hal.o
                0x0000000020000040                uwTickFreq
 *fill*         0x0000000020000041        0x3 
 .data.uxCriticalNesting
                0x0000000020000044        0x4 ./Middlewares/Third_Party/FreeRTOS/Source/portable/GCC/ARM_CM4F/port.o
 *(.RamFunc)
 *(.RamFunc*)
                0x0000000020000048                . = ALIGN (0x4)
                0x0000000020000048                _edata = .
                0x0000000008004e8c                _siccmram = LOADADDR (.ccmram)

.igot.plt       0x0000000020000048        0x0 load address 0x0000000008004e8c
 .igot.plt      0x0000000020000048        0x0 c:/st/stm32cubeide_1.10.1/stm32cubeide/plugins/com.st.stm32cube.ide.mcu.externaltools.gnu-tools-for-stm32.10.3-2021.10.win32_1.0.0.202111181127/tools/bin/../lib/gcc/arm-none-eabi/10.3.1/thumb/v7e-m+fp/hard/crtbegin.o

.ccmram         0x0000000010000000        0x0 load address 0x0000000008004e8c
                0x0000000010000000                . = ALIGN (0x4)
                0x0000000010000000                _sccmram = .
 *(.ccmram)
 *(.ccmram*)
                0x0000000010000000                . = ALIGN (0x4)
                0x0000000010000000                _eccmram = .
                0x0000000010000000                . = ALIGN (0x4)

.bss            0x0000000020000048     0x155c
                0x0000000020000048                _sbss = .
                0x0000000020000048                __bss_start__ = _sbss
 *(.bss)
 .bss           0x0000000020000048       0x1c c:/st/stm32cubeide_1.10.1/stm32cubeide/plugins/com.st.stm32cube.ide.mcu.externaltools.gnu-tools-for-stm32.10.3-2021.10.win32_1.0.0.202111181127/tools/bin/../lib/gcc/arm-none-eabi/10.3.1/thumb/v7e-m+fp/hard/crtbegin.o
 *(.bss*)
 .bss.DO_SERVO_GDT
                0x0000000020000064        0x2 ./Components/Src/servo_motor_outputs.o
 .bss.is_timout
                0x0000000020000066        0x1 ./Components/Src/servo_motor_outputs.o
 .bss.TikTok.0  0x0000000020000067        0x1 ./Components/Src/servo_motor_outputs.o
 .bss.defaultTaskHandle
                0x0000000020000068        0x4 ./Core/Src/freertos.o
                0x0000000020000068                defaultTaskHandle
 .bss.periodicTimerHandle
                0x000000002000006c        0x4 ./Core/Src/freertos.o
                0x000000002000006c                periodicTimerHandle
 .bss.xIdleTaskTCBBuffer
                0x0000000020000070       0x54 ./Core/Src/freertos.o
 .bss.xIdleStack
                0x00000000200000c4      0x200 ./Core/Src/freertos.o
 .bss.xTimerTaskTCBBuffer
                0x00000000200002c4       0x54 ./Core/Src/freertos.o
 .bss.xTimerStack
                0x0000000020000318      0x400 ./Core/Src/freertos.o
 .bss.uwTick    0x0000000020000718        0x4 ./Drivers/STM32F3xx_HAL_Driver/Src/stm32f3xx_hal.o
                0x0000000020000718                uwTick
 .bss.xQueueRegistry
                0x000000002000071c       0x40 ./Middlewares/Third_Party/FreeRTOS/Source/queue.o
                0x000000002000071c                xQueueRegistry
 .bss.pxCurrentTCB
                0x000000002000075c        0x4 ./Middlewares/Third_Party/FreeRTOS/Source/tasks.o
                0x000000002000075c                pxCurrentTCB
 .bss.pxReadyTasksLists
                0x0000000020000760       0x8c ./Middlewares/Third_Party/FreeRTOS/Source/tasks.o
 .bss.xDelayedTaskList1
                0x00000000200007ec       0x14 ./Middlewares/Third_Party/FreeRTOS/Source/tasks.o
 .bss.xDelayedTaskList2
                0x0000000020000800       0x14 ./Middlewares/Third_Party/FreeRTOS/Source/tasks.o
 .bss.pxDelayedTaskList
                0x0000000020000814        0x4 ./Middlewares/Third_Party/FreeRTOS/Source/tasks.o
 .bss.pxOverflowDelayedTaskList
                0x0000000020000818        0x4 ./Middlewares/Third_Party/FreeRTOS/Source/tasks.o
 .bss.xPendingReadyList
                0x000000002000081c       0x14 ./Middlewares/Third_Party/FreeRTOS/Source/tasks.o
 .bss.xTasksWaitingTermination
                0x0000000020000830       0x14 ./Middlewares/Third_Party/FreeRTOS/Source/tasks.o
 .bss.uxDeletedTasksWaitingCleanUp
                0x0000000020000844        0x4 ./Middlewares/Third_Party/FreeRTOS/Source/tasks.o
 .bss.xSuspendedTaskList
                0x0000000020000848       0x14 ./Middlewares/Third_Party/FreeRTOS/Source/tasks.o
 .bss.uxCurrentNumberOfTasks
                0x000000002000085c        0x4 ./Middlewares/Third_Party/FreeRTOS/Source/tasks.o
 .bss.xTickCount
                0x0000000020000860        0x4 ./Middlewares/Third_Party/FreeRTOS/Source/tasks.o
 .bss.uxTopReadyPriority
                0x0000000020000864        0x4 ./Middlewares/Third_Party/FreeRTOS/Source/tasks.o
 .bss.xSchedulerRunning
                0x0000000020000868        0x4 ./Middlewares/Third_Party/FreeRTOS/Source/tasks.o
 .bss.uxPendedTicks
                0x000000002000086c        0x4 ./Middlewares/Third_Party/FreeRTOS/Source/tasks.o
 .bss.xYieldPending
                0x0000000020000870        0x4 ./Middlewares/Third_Party/FreeRTOS/Source/tasks.o
 .bss.xNumOfOverflows
                0x0000000020000874        0x4 ./Middlewares/Third_Party/FreeRTOS/Source/tasks.o
 .bss.uxTaskNumber
                0x0000000020000878        0x4 ./Middlewares/Third_Party/FreeRTOS/Source/tasks.o
 .bss.xNextTaskUnblockTime
                0x000000002000087c        0x4 ./Middlewares/Third_Party/FreeRTOS/Source/tasks.o
 .bss.xIdleTaskHandle
                0x0000000020000880        0x4 ./Middlewares/Third_Party/FreeRTOS/Source/tasks.o
 .bss.uxSchedulerSuspended
                0x0000000020000884        0x4 ./Middlewares/Third_Party/FreeRTOS/Source/tasks.o
 .bss.xActiveTimerList1
                0x0000000020000888       0x14 ./Middlewares/Third_Party/FreeRTOS/Source/timers.o
 .bss.xActiveTimerList2
                0x000000002000089c       0x14 ./Middlewares/Third_Party/FreeRTOS/Source/timers.o
 .bss.pxCurrentTimerList
                0x00000000200008b0        0x4 ./Middlewares/Third_Party/FreeRTOS/Source/timers.o
 .bss.pxOverflowTimerList
                0x00000000200008b4        0x4 ./Middlewares/Third_Party/FreeRTOS/Source/timers.o
 .bss.xTimerQueue
                0x00000000200008b8        0x4 ./Middlewares/Third_Party/FreeRTOS/Source/timers.o
 .bss.xTimerTaskHandle
                0x00000000200008bc        0x4 ./Middlewares/Third_Party/FreeRTOS/Source/timers.o
 .bss.xLastTime.2
                0x00000000200008c0        0x4 ./Middlewares/Third_Party/FreeRTOS/Source/timers.o
 .bss.ucStaticTimerQueueStorage.1
                0x00000000200008c4       0x78 ./Middlewares/Third_Party/FreeRTOS/Source/timers.o
 .bss.xStaticTimerQueue.0
                0x000000002000093c       0x48 ./Middlewares/Third_Party/FreeRTOS/Source/timers.o
 .bss.ucMaxSysCallPriority
                0x0000000020000984        0x1 ./Middlewares/Third_Party/FreeRTOS/Source/portable/GCC/ARM_CM4F/port.o
 *fill*         0x0000000020000985        0x3 
 .bss.ulMaxPRIGROUPValue
                0x0000000020000988        0x4 ./Middlewares/Third_Party/FreeRTOS/Source/portable/GCC/ARM_CM4F/port.o
 .bss.ucHeap    0x000000002000098c      0xc00 ./Middlewares/Third_Party/FreeRTOS/Source/portable/MemMang/heap_4.o
 .bss.xStart    0x000000002000158c        0x8 ./Middlewares/Third_Party/FreeRTOS/Source/portable/MemMang/heap_4.o
 .bss.pxEnd     0x0000000020001594        0x4 ./Middlewares/Third_Party/FreeRTOS/Source/portable/MemMang/heap_4.o
 .bss.xFreeBytesRemaining
                0x0000000020001598        0x4 ./Middlewares/Third_Party/FreeRTOS/Source/portable/MemMang/heap_4.o
 .bss.xMinimumEverFreeBytesRemaining
                0x000000002000159c        0x4 ./Middlewares/Third_Party/FreeRTOS/Source/portable/MemMang/heap_4.o
 .bss.xBlockAllocatedBit
                0x00000000200015a0        0x4 ./Middlewares/Third_Party/FreeRTOS/Source/portable/MemMang/heap_4.o
 *(COMMON)
                0x00000000200015a4                . = ALIGN (0x4)
                0x00000000200015a4                _ebss = .
                0x00000000200015a4                __bss_end__ = _ebss

._user_heap_stack
                0x00000000200015a4      0x604
                0x00000000200015a8                . = ALIGN (0x8)
 *fill*         0x00000000200015a4        0x4 
                [!provide]                        PROVIDE (end = .)
                0x00000000200015a8                PROVIDE (_end = .)
                0x00000000200017a8                . = (. + _Min_Heap_Size)
 *fill*         0x00000000200015a8      0x200 
                0x0000000020001ba8                . = (. + _Min_Stack_Size)
 *fill*         0x00000000200017a8      0x400 
                0x0000000020001ba8                . = ALIGN (0x8)

/DISCARD/
 libc.a(*)
 libm.a(*)
 libgcc.a(*)

.ARM.attributes
                0x0000000000000000       0x30
 *(.ARM.attributes)
 .ARM.attributes
                0x0000000000000000       0x1e c:/st/stm32cubeide_1.10.1/stm32cubeide/plugins/com.st.stm32cube.ide.mcu.externaltools.gnu-tools-for-stm32.10.3-2021.10.win32_1.0.0.202111181127/tools/bin/../lib/gcc/arm-none-eabi/10.3.1/thumb/v7e-m+fp/hard/crti.o
 .ARM.attributes
                0x000000000000001e       0x34 c:/st/stm32cubeide_1.10.1/stm32cubeide/plugins/com.st.stm32cube.ide.mcu.externaltools.gnu-tools-for-stm32.10.3-2021.10.win32_1.0.0.202111181127/tools/bin/../lib/gcc/arm-none-eabi/10.3.1/thumb/v7e-m+fp/hard/crtbegin.o
 .ARM.attributes
                0x0000000000000052       0x34 ./AppTest/Src/apptTest.o
 .ARM.attributes
                0x0000000000000086       0x34 ./Components/Src/servo_motor_outputs.o
 .ARM.attributes
                0x00000000000000ba       0x34 ./Core/Src/freertos.o
 .ARM.attributes
                0x00000000000000ee       0x34 ./Core/Src/gpio.o
 .ARM.attributes
                0x0000000000000122       0x34 ./Core/Src/main.o
 .ARM.attributes
                0x0000000000000156       0x34 ./Core/Src/stm32f3xx_hal_msp.o
 .ARM.attributes
                0x000000000000018a       0x34 ./Core/Src/stm32f3xx_it.o
 .ARM.attributes
                0x00000000000001be       0x34 ./Core/Src/system_stm32f3xx.o
 .ARM.attributes
                0x00000000000001f2       0x21 ./Core/Startup/startup_stm32f303vctx.o
 .ARM.attributes
                0x0000000000000213       0x34 ./Drivers/STM32F3xx_HAL_Driver/Src/stm32f3xx_hal.o
 .ARM.attributes
                0x0000000000000247       0x34 ./Drivers/STM32F3xx_HAL_Driver/Src/stm32f3xx_hal_cortex.o
 .ARM.attributes
                0x000000000000027b       0x34 ./Drivers/STM32F3xx_HAL_Driver/Src/stm32f3xx_hal_gpio.o
 .ARM.attributes
                0x00000000000002af       0x34 ./Drivers/STM32F3xx_HAL_Driver/Src/stm32f3xx_hal_pwr_ex.o
 .ARM.attributes
                0x00000000000002e3       0x34 ./Drivers/STM32F3xx_HAL_Driver/Src/stm32f3xx_hal_rcc.o
 .ARM.attributes
                0x0000000000000317       0x34 ./Middlewares/Third_Party/FreeRTOS/Source/CMSIS_RTOS/cmsis_os.o
 .ARM.attributes
                0x000000000000034b       0x34 ./Middlewares/Third_Party/FreeRTOS/Source/list.o
 .ARM.attributes
                0x000000000000037f       0x34 ./Middlewares/Third_Party/FreeRTOS/Source/queue.o
 .ARM.attributes
                0x00000000000003b3       0x34 ./Middlewares/Third_Party/FreeRTOS/Source/tasks.o
 .ARM.attributes
                0x00000000000003e7       0x34 ./Middlewares/Third_Party/FreeRTOS/Source/timers.o
 .ARM.attributes
                0x000000000000041b       0x34 ./Middlewares/Third_Party/FreeRTOS/Source/portable/GCC/ARM_CM4F/port.o
 .ARM.attributes
                0x000000000000044f       0x34 ./Middlewares/Third_Party/FreeRTOS/Source/portable/MemMang/heap_4.o
 .ARM.attributes
                0x0000000000000483       0x34 c:/st/stm32cubeide_1.10.1/stm32cubeide/plugins/com.st.stm32cube.ide.mcu.externaltools.gnu-tools-for-stm32.10.3-2021.10.win32_1.0.0.202111181127/tools/bin/../lib/gcc/arm-none-eabi/10.3.1/../../../../arm-none-eabi/lib/thumb/v7e-m+fp/hard\libc_nano.a(lib_a-init.o)
 .ARM.attributes
                0x00000000000004b7       0x34 c:/st/stm32cubeide_1.10.1/stm32cubeide/plugins/com.st.stm32cube.ide.mcu.externaltools.gnu-tools-for-stm32.10.3-2021.10.win32_1.0.0.202111181127/tools/bin/../lib/gcc/arm-none-eabi/10.3.1/../../../../arm-none-eabi/lib/thumb/v7e-m+fp/hard\libc_nano.a(lib_a-memcpy-stub.o)
 .ARM.attributes
                0x00000000000004eb       0x34 c:/st/stm32cubeide_1.10.1/stm32cubeide/plugins/com.st.stm32cube.ide.mcu.externaltools.gnu-tools-for-stm32.10.3-2021.10.win32_1.0.0.202111181127/tools/bin/../lib/gcc/arm-none-eabi/10.3.1/../../../../arm-none-eabi/lib/thumb/v7e-m+fp/hard\libc_nano.a(lib_a-memset.o)
 .ARM.attributes
                0x000000000000051f       0x1e c:/st/stm32cubeide_1.10.1/stm32cubeide/plugins/com.st.stm32cube.ide.mcu.externaltools.gnu-tools-for-stm32.10.3-2021.10.win32_1.0.0.202111181127/tools/bin/../lib/gcc/arm-none-eabi/10.3.1/thumb/v7e-m+fp/hard/crtn.o
OUTPUT(TestMotorServo.elf elf32-littlearm)
LOAD linker stubs
LOAD c:/st/stm32cubeide_1.10.1/stm32cubeide/plugins/com.st.stm32cube.ide.mcu.externaltools.gnu-tools-for-stm32.10.3-2021.10.win32_1.0.0.202111181127/tools/bin/../lib/gcc/arm-none-eabi/10.3.1/../../../../arm-none-eabi/lib/thumb/v7e-m+fp/hard\libc.a
LOAD c:/st/stm32cubeide_1.10.1/stm32cubeide/plugins/com.st.stm32cube.ide.mcu.externaltools.gnu-tools-for-stm32.10.3-2021.10.win32_1.0.0.202111181127/tools/bin/../lib/gcc/arm-none-eabi/10.3.1/../../../../arm-none-eabi/lib/thumb/v7e-m+fp/hard\libm.a
LOAD c:/st/stm32cubeide_1.10.1/stm32cubeide/plugins/com.st.stm32cube.ide.mcu.externaltools.gnu-tools-for-stm32.10.3-2021.10.win32_1.0.0.202111181127/tools/bin/../lib/gcc/arm-none-eabi/10.3.1/thumb/v7e-m+fp/hard\libgcc.a

.debug_info     0x0000000000000000     0xc168
 .debug_info    0x0000000000000000       0xc5 ./AppTest/Src/apptTest.o
 .debug_info    0x00000000000000c5      0x536 ./Components/Src/servo_motor_outputs.o
 .debug_info    0x00000000000005fb      0x6e0 ./Core/Src/freertos.o
 .debug_info    0x0000000000000cdb      0x349 ./Core/Src/gpio.o
 .debug_info    0x0000000000001024      0x34c ./Core/Src/main.o
 .debug_info    0x0000000000001370      0x3b7 ./Core/Src/stm32f3xx_hal_msp.o
 .debug_info    0x0000000000001727      0x141 ./Core/Src/stm32f3xx_it.o
 .debug_info    0x0000000000001868      0x416 ./Core/Src/system_stm32f3xx.o
 .debug_info    0x0000000000001c7e       0x22 ./Core/Startup/startup_stm32f303vctx.o
 .debug_info    0x0000000000001ca0      0x807 ./Drivers/STM32F3xx_HAL_Driver/Src/stm32f3xx_hal.o
 .debug_info    0x00000000000024a7      0xd85 ./Drivers/STM32F3xx_HAL_Driver/Src/stm32f3xx_hal_cortex.o
 .debug_info    0x000000000000322c      0x68a ./Drivers/STM32F3xx_HAL_Driver/Src/stm32f3xx_hal_gpio.o
 .debug_info    0x00000000000038b6      0x261 ./Drivers/STM32F3xx_HAL_Driver/Src/stm32f3xx_hal_pwr_ex.o
 .debug_info    0x0000000000003b17     0x1586 ./Drivers/STM32F3xx_HAL_Driver/Src/stm32f3xx_hal_rcc.o
 .debug_info    0x000000000000509d     0x1cf3 ./Middlewares/Third_Party/FreeRTOS/Source/CMSIS_RTOS/cmsis_os.o
 .debug_info    0x0000000000006d90      0x2cb ./Middlewares/Third_Party/FreeRTOS/Source/list.o
 .debug_info    0x000000000000705b     0x18a0 ./Middlewares/Third_Party/FreeRTOS/Source/queue.o
 .debug_info    0x00000000000088fb     0x1d5b ./Middlewares/Third_Party/FreeRTOS/Source/tasks.o
 .debug_info    0x000000000000a656     0x1223 ./Middlewares/Third_Party/FreeRTOS/Source/timers.o
 .debug_info    0x000000000000b879      0x507 ./Middlewares/Third_Party/FreeRTOS/Source/portable/GCC/ARM_CM4F/port.o
 .debug_info    0x000000000000bd80      0x3e8 ./Middlewares/Third_Party/FreeRTOS/Source/portable/MemMang/heap_4.o

.debug_abbrev   0x0000000000000000     0x27f1
 .debug_abbrev  0x0000000000000000       0x5a ./AppTest/Src/apptTest.o
 .debug_abbrev  0x000000000000005a      0x223 ./Components/Src/servo_motor_outputs.o
 .debug_abbrev  0x000000000000027d      0x18a ./Core/Src/freertos.o
 .debug_abbrev  0x0000000000000407      0x146 ./Core/Src/gpio.o
 .debug_abbrev  0x000000000000054d      0x197 ./Core/Src/main.o
 .debug_abbrev  0x00000000000006e4      0x103 ./Core/Src/stm32f3xx_hal_msp.o
 .debug_abbrev  0x00000000000007e7       0xab ./Core/Src/stm32f3xx_it.o
 .debug_abbrev  0x0000000000000892      0x116 ./Core/Src/system_stm32f3xx.o
 .debug_abbrev  0x00000000000009a8       0x12 ./Core/Startup/startup_stm32f303vctx.o
 .debug_abbrev  0x00000000000009ba      0x20e ./Drivers/STM32F3xx_HAL_Driver/Src/stm32f3xx_hal.o
 .debug_abbrev  0x0000000000000bc8      0x316 ./Drivers/STM32F3xx_HAL_Driver/Src/stm32f3xx_hal_cortex.o
 .debug_abbrev  0x0000000000000ede      0x1bb ./Drivers/STM32F3xx_HAL_Driver/Src/stm32f3xx_hal_gpio.o
 .debug_abbrev  0x0000000000001099      0x132 ./Drivers/STM32F3xx_HAL_Driver/Src/stm32f3xx_hal_pwr_ex.o
 .debug_abbrev  0x00000000000011cb      0x30c ./Drivers/STM32F3xx_HAL_Driver/Src/stm32f3xx_hal_rcc.o
 .debug_abbrev  0x00000000000014d7      0x392 ./Middlewares/Third_Party/FreeRTOS/Source/CMSIS_RTOS/cmsis_os.o
 .debug_abbrev  0x0000000000001869       0xf2 ./Middlewares/Third_Party/FreeRTOS/Source/list.o
 .debug_abbrev  0x000000000000195b      0x3ba ./Middlewares/Third_Party/FreeRTOS/Source/queue.o
 .debug_abbrev  0x0000000000001d15      0x363 ./Middlewares/Third_Party/FreeRTOS/Source/tasks.o
 .debug_abbrev  0x0000000000002078      0x321 ./Middlewares/Third_Party/FreeRTOS/Source/timers.o
 .debug_abbrev  0x0000000000002399      0x259 ./Middlewares/Third_Party/FreeRTOS/Source/portable/GCC/ARM_CM4F/port.o
 .debug_abbrev  0x00000000000025f2      0x1ff ./Middlewares/Third_Party/FreeRTOS/Source/portable/MemMang/heap_4.o

.debug_aranges  0x0000000000000000      0xb78
 .debug_aranges
                0x0000000000000000       0x30 ./AppTest/Src/apptTest.o
 .debug_aranges
                0x0000000000000030       0x70 ./Components/Src/servo_motor_outputs.o
 .debug_aranges
                0x00000000000000a0       0x40 ./Core/Src/freertos.o
 .debug_aranges
                0x00000000000000e0       0x20 ./Core/Src/gpio.o
 .debug_aranges
                0x0000000000000100       0x30 ./Core/Src/main.o
 .debug_aranges
                0x0000000000000130       0x20 ./Core/Src/stm32f3xx_hal_msp.o
 .debug_aranges
                0x0000000000000150       0x58 ./Core/Src/stm32f3xx_it.o
 .debug_aranges
                0x00000000000001a8       0x28 ./Core/Src/system_stm32f3xx.o
 .debug_aranges
                0x00000000000001d0       0x28 ./Core/Startup/startup_stm32f303vctx.o
 .debug_aranges
                0x00000000000001f8       0xe0 ./Drivers/STM32F3xx_HAL_Driver/Src/stm32f3xx_hal.o
 .debug_aranges
                0x00000000000002d8      0x118 ./Drivers/STM32F3xx_HAL_Driver/Src/stm32f3xx_hal_cortex.o
 .debug_aranges
                0x00000000000003f0       0x58 ./Drivers/STM32F3xx_HAL_Driver/Src/stm32f3xx_hal_gpio.o
 .debug_aranges
                0x0000000000000448       0x40 ./Drivers/STM32F3xx_HAL_Driver/Src/stm32f3xx_hal_pwr_ex.o
 .debug_aranges
                0x0000000000000488       0x88 ./Drivers/STM32F3xx_HAL_Driver/Src/stm32f3xx_hal_rcc.o
 .debug_aranges
                0x0000000000000510      0x1d8 ./Middlewares/Third_Party/FreeRTOS/Source/CMSIS_RTOS/cmsis_os.o
 .debug_aranges
                0x00000000000006e8       0x40 ./Middlewares/Third_Party/FreeRTOS/Source/list.o
 .debug_aranges
                0x0000000000000728      0x110 ./Middlewares/Third_Party/FreeRTOS/Source/queue.o
 .debug_aranges
                0x0000000000000838      0x1b0 ./Middlewares/Third_Party/FreeRTOS/Source/tasks.o
 .debug_aranges
                0x00000000000009e8       0xc0 ./Middlewares/Third_Party/FreeRTOS/Source/timers.o
 .debug_aranges
                0x0000000000000aa8       0x80 ./Middlewares/Third_Party/FreeRTOS/Source/portable/GCC/ARM_CM4F/port.o
 .debug_aranges
                0x0000000000000b28       0x50 ./Middlewares/Third_Party/FreeRTOS/Source/portable/MemMang/heap_4.o

.debug_ranges   0x0000000000000000      0xa30
 .debug_ranges  0x0000000000000000       0x20 ./AppTest/Src/apptTest.o
 .debug_ranges  0x0000000000000020       0x60 ./Components/Src/servo_motor_outputs.o
 .debug_ranges  0x0000000000000080       0x30 ./Core/Src/freertos.o
 .debug_ranges  0x00000000000000b0       0x10 ./Core/Src/gpio.o
 .debug_ranges  0x00000000000000c0       0x20 ./Core/Src/main.o
 .debug_ranges  0x00000000000000e0       0x10 ./Core/Src/stm32f3xx_hal_msp.o
 .debug_ranges  0x00000000000000f0       0x48 ./Core/Src/stm32f3xx_it.o
 .debug_ranges  0x0000000000000138       0x18 ./Core/Src/system_stm32f3xx.o
 .debug_ranges  0x0000000000000150       0x20 ./Core/Startup/startup_stm32f303vctx.o
 .debug_ranges  0x0000000000000170       0xd0 ./Drivers/STM32F3xx_HAL_Driver/Src/stm32f3xx_hal.o
 .debug_ranges  0x0000000000000240      0x108 ./Drivers/STM32F3xx_HAL_Driver/Src/stm32f3xx_hal_cortex.o
 .debug_ranges  0x0000000000000348       0x48 ./Drivers/STM32F3xx_HAL_Driver/Src/stm32f3xx_hal_gpio.o
 .debug_ranges  0x0000000000000390       0x30 ./Drivers/STM32F3xx_HAL_Driver/Src/stm32f3xx_hal_pwr_ex.o
 .debug_ranges  0x00000000000003c0       0x78 ./Drivers/STM32F3xx_HAL_Driver/Src/stm32f3xx_hal_rcc.o
 .debug_ranges  0x0000000000000438      0x1c8 ./Middlewares/Third_Party/FreeRTOS/Source/CMSIS_RTOS/cmsis_os.o
 .debug_ranges  0x0000000000000600       0x30 ./Middlewares/Third_Party/FreeRTOS/Source/list.o
 .debug_ranges  0x0000000000000630      0x100 ./Middlewares/Third_Party/FreeRTOS/Source/queue.o
 .debug_ranges  0x0000000000000730      0x1a0 ./Middlewares/Third_Party/FreeRTOS/Source/tasks.o
 .debug_ranges  0x00000000000008d0       0xb0 ./Middlewares/Third_Party/FreeRTOS/Source/timers.o
 .debug_ranges  0x0000000000000980       0x70 ./Middlewares/Third_Party/FreeRTOS/Source/portable/GCC/ARM_CM4F/port.o
 .debug_ranges  0x00000000000009f0       0x40 ./Middlewares/Third_Party/FreeRTOS/Source/portable/MemMang/heap_4.o

.debug_macro    0x0000000000000000    0x1dcaf
 .debug_macro   0x0000000000000000      0x1c8 ./AppTest/Src/apptTest.o
 .debug_macro   0x00000000000001c8      0xa78 ./AppTest/Src/apptTest.o
 .debug_macro   0x0000000000000c40      0x14b ./AppTest/Src/apptTest.o
 .debug_macro   0x0000000000000d8b       0x2e ./AppTest/Src/apptTest.o
 .debug_macro   0x0000000000000db9       0x28 ./AppTest/Src/apptTest.o
 .debug_macro   0x0000000000000de1       0x22 ./AppTest/Src/apptTest.o
 .debug_macro   0x0000000000000e03       0x8e ./AppTest/Src/apptTest.o
 .debug_macro   0x0000000000000e91       0x51 ./AppTest/Src/apptTest.o
 .debug_macro   0x0000000000000ee2      0x103 ./AppTest/Src/apptTest.o
 .debug_macro   0x0000000000000fe5       0x6a ./AppTest/Src/apptTest.o
 .debug_macro   0x000000000000104f      0x1df ./AppTest/Src/apptTest.o
 .debug_macro   0x000000000000122e       0x1c ./AppTest/Src/apptTest.o
 .debug_macro   0x000000000000124a       0x22 ./AppTest/Src/apptTest.o
 .debug_macro   0x000000000000126c       0xd9 ./AppTest/Src/apptTest.o
 .debug_macro   0x0000000000001345     0x102d ./AppTest/Src/apptTest.o
 .debug_macro   0x0000000000002372      0x11f ./AppTest/Src/apptTest.o
 .debug_macro   0x0000000000002491    0x12a3a ./AppTest/Src/apptTest.o
 .debug_macro   0x0000000000014ecb       0x6d ./AppTest/Src/apptTest.o
 .debug_macro   0x0000000000014f38     0x3540 ./AppTest/Src/apptTest.o
 .debug_macro   0x0000000000018478      0x174 ./AppTest/Src/apptTest.o
 .debug_macro   0x00000000000185ec       0x55 ./AppTest/Src/apptTest.o
 .debug_macro   0x0000000000018641      0x962 ./AppTest/Src/apptTest.o
 .debug_macro   0x0000000000018fa3      0x5fe ./AppTest/Src/apptTest.o
 .debug_macro   0x00000000000195a1      0x1b6 ./AppTest/Src/apptTest.o
 .debug_macro   0x0000000000019757      0x1fb ./AppTest/Src/apptTest.o
 .debug_macro   0x0000000000019952      0x1dc ./AppTest/Src/apptTest.o
 .debug_macro   0x0000000000019b2e      0x1bc ./AppTest/Src/apptTest.o
 .debug_macro   0x0000000000019cea       0x30 ./AppTest/Src/apptTest.o
 .debug_macro   0x0000000000019d1a       0x3c ./AppTest/Src/apptTest.o
 .debug_macro   0x0000000000019d56      0x236 ./AppTest/Src/apptTest.o
 .debug_macro   0x0000000000019f8c       0xc5 ./AppTest/Src/apptTest.o
 .debug_macro   0x000000000001a051      0x21d ./AppTest/Src/apptTest.o
 .debug_macro   0x000000000001a26e      0x22c ./AppTest/Src/apptTest.o
 .debug_macro   0x000000000001a49a       0x5b ./AppTest/Src/apptTest.o
 .debug_macro   0x000000000001a4f5       0xa5 ./AppTest/Src/apptTest.o
 .debug_macro   0x000000000001a59a       0x81 ./AppTest/Src/apptTest.o
 .debug_macro   0x000000000001a61b       0xd3 ./AppTest/Src/apptTest.o
 .debug_macro   0x000000000001a6ee      0x275 ./AppTest/Src/apptTest.o
 .debug_macro   0x000000000001a963       0x70 ./AppTest/Src/apptTest.o
 .debug_macro   0x000000000001a9d3      0x2a1 ./Components/Src/servo_motor_outputs.o
 .debug_macro   0x000000000001ac74       0xe8 ./Components/Src/servo_motor_outputs.o
 .debug_macro   0x000000000001ad5c      0x15a ./Components/Src/servo_motor_outputs.o
 .debug_macro   0x000000000001aeb6       0xd7 ./Components/Src/servo_motor_outputs.o
 .debug_macro   0x000000000001af8d       0x10 ./Components/Src/servo_motor_outputs.o
 .debug_macro   0x000000000001af9d       0x1f ./Components/Src/servo_motor_outputs.o
 .debug_macro   0x000000000001afbc      0x4b0 ./Components/Src/servo_motor_outputs.o
 .debug_macro   0x000000000001b46c       0xb5 ./Components/Src/servo_motor_outputs.o
 .debug_macro   0x000000000001b521       0x8c ./Components/Src/servo_motor_outputs.o
 .debug_macro   0x000000000001b5ad       0x91 ./Components/Src/servo_motor_outputs.o
 .debug_macro   0x000000000001b63e       0x8d ./Components/Src/servo_motor_outputs.o
 .debug_macro   0x000000000001b6cb       0x7e ./Components/Src/servo_motor_outputs.o
 .debug_macro   0x000000000001b749       0x19 ./Components/Src/servo_motor_outputs.o
 .debug_macro   0x000000000001b762       0xf2 ./Components/Src/servo_motor_outputs.o
 .debug_macro   0x000000000001b854      0x27b ./Core/Src/freertos.o
 .debug_macro   0x000000000001bacf       0xe8 ./Core/Src/freertos.o
 .debug_macro   0x000000000001bbb7      0x1c8 ./Core/Src/gpio.o
 .debug_macro   0x000000000001bd7f      0x27f ./Core/Src/main.o
 .debug_macro   0x000000000001bffe      0x1be ./Core/Src/stm32f3xx_hal_msp.o
 .debug_macro   0x000000000001c1bc      0x230 ./Core/Src/stm32f3xx_it.o
 .debug_macro   0x000000000001c3ec      0x1af ./Core/Src/system_stm32f3xx.o
 .debug_macro   0x000000000001c59b      0x1d3 ./Drivers/STM32F3xx_HAL_Driver/Src/stm32f3xx_hal.o
 .debug_macro   0x000000000001c76e      0x1af ./Drivers/STM32F3xx_HAL_Driver/Src/stm32f3xx_hal_cortex.o
 .debug_macro   0x000000000001c91d      0x1b6 ./Drivers/STM32F3xx_HAL_Driver/Src/stm32f3xx_hal_gpio.o
 .debug_macro   0x000000000001cad3      0x1c7 ./Drivers/STM32F3xx_HAL_Driver/Src/stm32f3xx_hal_pwr_ex.o
 .debug_macro   0x000000000001cc9a      0x1d3 ./Drivers/STM32F3xx_HAL_Driver/Src/stm32f3xx_hal_rcc.o
 .debug_macro   0x000000000001ce6d      0x1fe ./Middlewares/Third_Party/FreeRTOS/Source/CMSIS_RTOS/cmsis_os.o
 .debug_macro   0x000000000001d06b       0x10 ./Middlewares/Third_Party/FreeRTOS/Source/CMSIS_RTOS/cmsis_os.o
 .debug_macro   0x000000000001d07b       0x20 ./Middlewares/Third_Party/FreeRTOS/Source/CMSIS_RTOS/cmsis_os.o
 .debug_macro   0x000000000001d09b       0xc7 ./Middlewares/Third_Party/FreeRTOS/Source/CMSIS_RTOS/cmsis_os.o
 .debug_macro   0x000000000001d162      0x187 ./Middlewares/Third_Party/FreeRTOS/Source/list.o
 .debug_macro   0x000000000001d2e9      0x212 ./Middlewares/Third_Party/FreeRTOS/Source/queue.o
 .debug_macro   0x000000000001d4fb       0x16 ./Middlewares/Third_Party/FreeRTOS/Source/queue.o
 .debug_macro   0x000000000001d511      0x280 ./Middlewares/Third_Party/FreeRTOS/Source/tasks.o
 .debug_macro   0x000000000001d791       0x10 ./Middlewares/Third_Party/FreeRTOS/Source/tasks.o
 .debug_macro   0x000000000001d7a1      0x1ca ./Middlewares/Third_Party/FreeRTOS/Source/timers.o
 .debug_macro   0x000000000001d96b      0x196 ./Middlewares/Third_Party/FreeRTOS/Source/portable/GCC/ARM_CM4F/port.o
 .debug_macro   0x000000000001db01      0x1ae ./Middlewares/Third_Party/FreeRTOS/Source/portable/MemMang/heap_4.o

.debug_line     0x0000000000000000     0xdcaf
 .debug_line    0x0000000000000000      0x70f ./AppTest/Src/apptTest.o
 .debug_line    0x000000000000070f      0xa3c ./Components/Src/servo_motor_outputs.o
 .debug_line    0x000000000000114b      0x8d0 ./Core/Src/freertos.o
 .debug_line    0x0000000000001a1b      0x69a ./Core/Src/gpio.o
 .debug_line    0x00000000000020b5      0x874 ./Core/Src/main.o
 .debug_line    0x0000000000002929      0x685 ./Core/Src/stm32f3xx_hal_msp.o
 .debug_line    0x0000000000002fae      0x843 ./Core/Src/stm32f3xx_it.o
 .debug_line    0x00000000000037f1      0x6f9 ./Core/Src/system_stm32f3xx.o
 .debug_line    0x0000000000003eea       0x88 ./Core/Startup/startup_stm32f303vctx.o
 .debug_line    0x0000000000003f72      0x92e ./Drivers/STM32F3xx_HAL_Driver/Src/stm32f3xx_hal.o
 .debug_line    0x00000000000048a0      0xbf3 ./Drivers/STM32F3xx_HAL_Driver/Src/stm32f3xx_hal_cortex.o
 .debug_line    0x0000000000005493      0xa8f ./Drivers/STM32F3xx_HAL_Driver/Src/stm32f3xx_hal_gpio.o
 .debug_line    0x0000000000005f22      0x721 ./Drivers/STM32F3xx_HAL_Driver/Src/stm32f3xx_hal_pwr_ex.o
 .debug_line    0x0000000000006643     0x130b ./Drivers/STM32F3xx_HAL_Driver/Src/stm32f3xx_hal_rcc.o
 .debug_line    0x000000000000794e     0x1266 ./Middlewares/Third_Party/FreeRTOS/Source/CMSIS_RTOS/cmsis_os.o
 .debug_line    0x0000000000008bb4      0x6fd ./Middlewares/Third_Party/FreeRTOS/Source/list.o
 .debug_line    0x00000000000092b1     0x14c1 ./Middlewares/Third_Party/FreeRTOS/Source/queue.o
 .debug_line    0x000000000000a772     0x1907 ./Middlewares/Third_Party/FreeRTOS/Source/tasks.o
 .debug_line    0x000000000000c079      0xbd3 ./Middlewares/Third_Party/FreeRTOS/Source/timers.o
 .debug_line    0x000000000000cc4c      0x7a4 ./Middlewares/Third_Party/FreeRTOS/Source/portable/GCC/ARM_CM4F/port.o
 .debug_line    0x000000000000d3f0      0x8bf ./Middlewares/Third_Party/FreeRTOS/Source/portable/MemMang/heap_4.o

.debug_str      0x0000000000000000    0xb0626
 .debug_str     0x0000000000000000    0xa2e88 ./AppTest/Src/apptTest.o
                                      0xa3517 (size before relaxing)
 .debug_str     0x00000000000a2e88     0x5f9e ./Components/Src/servo_motor_outputs.o
                                      0xa948b (size before relaxing)
 .debug_str     0x00000000000a8e26      0x424 ./Core/Src/freertos.o
                                      0xa9614 (size before relaxing)
 .debug_str     0x00000000000a924a       0xbe ./Core/Src/gpio.o
                                      0xa35da (size before relaxing)
 .debug_str     0x00000000000a9308      0x1cc ./Core/Src/main.o
                                      0xa9334 (size before relaxing)
 .debug_str     0x00000000000a94d4      0x382 ./Core/Src/stm32f3xx_hal_msp.o
                                      0xa3973 (size before relaxing)
 .debug_str     0x00000000000a9856       0xf0 ./Core/Src/stm32f3xx_it.o
                                      0xa6fa7 (size before relaxing)
 .debug_str     0x00000000000a9946       0xe9 ./Core/Src/system_stm32f3xx.o
                                      0xa33f2 (size before relaxing)
 .debug_str     0x00000000000a9a2f       0x36 ./Core/Startup/startup_stm32f303vctx.o
                                         0x7a (size before relaxing)
 .debug_str     0x00000000000a9a65      0x3a1 ./Drivers/STM32F3xx_HAL_Driver/Src/stm32f3xx_hal.o
                                      0xa3c30 (size before relaxing)
 .debug_str     0x00000000000a9e06      0x353 ./Drivers/STM32F3xx_HAL_Driver/Src/stm32f3xx_hal_cortex.o
                                      0xa3c82 (size before relaxing)
 .debug_str     0x00000000000aa159      0x12a ./Drivers/STM32F3xx_HAL_Driver/Src/stm32f3xx_hal_gpio.o
                                      0xa355f (size before relaxing)
 .debug_str     0x00000000000aa283      0x115 ./Drivers/STM32F3xx_HAL_Driver/Src/stm32f3xx_hal_pwr_ex.o
                                      0xa343b (size before relaxing)
 .debug_str     0x00000000000aa398      0x2c5 ./Drivers/STM32F3xx_HAL_Driver/Src/stm32f3xx_hal_rcc.o
                                      0xa3892 (size before relaxing)
 .debug_str     0x00000000000aa65d     0x37ea ./Middlewares/Third_Party/FreeRTOS/Source/CMSIS_RTOS/cmsis_os.o
                                       0xdfe0 (size before relaxing)
 .debug_str     0x00000000000ade47      0x21b ./Middlewares/Third_Party/FreeRTOS/Source/list.o
                                       0xa3a8 (size before relaxing)
 .debug_str     0x00000000000ae062      0x7fb ./Middlewares/Third_Party/FreeRTOS/Source/queue.o
                                       0xbc47 (size before relaxing)
 .debug_str     0x00000000000ae85d      0xfc4 ./Middlewares/Third_Party/FreeRTOS/Source/tasks.o
                                       0xc6e2 (size before relaxing)
 .debug_str     0x00000000000af821      0x448 ./Middlewares/Third_Party/FreeRTOS/Source/timers.o
                                       0xc15f (size before relaxing)
 .debug_str     0x00000000000afc69      0x783 ./Middlewares/Third_Party/FreeRTOS/Source/portable/GCC/ARM_CM4F/port.o
                                       0x8249 (size before relaxing)
 .debug_str     0x00000000000b03ec      0x23a ./Middlewares/Third_Party/FreeRTOS/Source/portable/MemMang/heap_4.o
                                       0xaaf5 (size before relaxing)

.comment        0x0000000000000000       0x50
 .comment       0x0000000000000000       0x50 ./AppTest/Src/apptTest.o
                                         0x51 (size before relaxing)
 .comment       0x0000000000000050       0x51 ./Components/Src/servo_motor_outputs.o
 .comment       0x0000000000000050       0x51 ./Core/Src/freertos.o
 .comment       0x0000000000000050       0x51 ./Core/Src/gpio.o
 .comment       0x0000000000000050       0x51 ./Core/Src/main.o
 .comment       0x0000000000000050       0x51 ./Core/Src/stm32f3xx_hal_msp.o
 .comment       0x0000000000000050       0x51 ./Core/Src/stm32f3xx_it.o
 .comment       0x0000000000000050       0x51 ./Core/Src/system_stm32f3xx.o
 .comment       0x0000000000000050       0x51 ./Drivers/STM32F3xx_HAL_Driver/Src/stm32f3xx_hal.o
 .comment       0x0000000000000050       0x51 ./Drivers/STM32F3xx_HAL_Driver/Src/stm32f3xx_hal_cortex.o
 .comment       0x0000000000000050       0x51 ./Drivers/STM32F3xx_HAL_Driver/Src/stm32f3xx_hal_gpio.o
 .comment       0x0000000000000050       0x51 ./Drivers/STM32F3xx_HAL_Driver/Src/stm32f3xx_hal_pwr_ex.o
 .comment       0x0000000000000050       0x51 ./Drivers/STM32F3xx_HAL_Driver/Src/stm32f3xx_hal_rcc.o
 .comment       0x0000000000000050       0x51 ./Middlewares/Third_Party/FreeRTOS/Source/CMSIS_RTOS/cmsis_os.o
 .comment       0x0000000000000050       0x51 ./Middlewares/Third_Party/FreeRTOS/Source/list.o
 .comment       0x0000000000000050       0x51 ./Middlewares/Third_Party/FreeRTOS/Source/queue.o
 .comment       0x0000000000000050       0x51 ./Middlewares/Third_Party/FreeRTOS/Source/tasks.o
 .comment       0x0000000000000050       0x51 ./Middlewares/Third_Party/FreeRTOS/Source/timers.o
 .comment       0x0000000000000050       0x51 ./Middlewares/Third_Party/FreeRTOS/Source/portable/GCC/ARM_CM4F/port.o
 .comment       0x0000000000000050       0x51 ./Middlewares/Third_Party/FreeRTOS/Source/portable/MemMang/heap_4.o

.debug_frame    0x0000000000000000     0x2bc0
 .debug_frame   0x0000000000000000       0x64 ./AppTest/Src/apptTest.o
 .debug_frame   0x0000000000000064      0x1ac ./Components/Src/servo_motor_outputs.o
 .debug_frame   0x0000000000000210       0xcc ./Core/Src/freertos.o
 .debug_frame   0x00000000000002dc       0x34 ./Core/Src/gpio.o
 .debug_frame   0x0000000000000310       0x68 ./Core/Src/main.o
 .debug_frame   0x0000000000000378       0x34 ./Core/Src/stm32f3xx_hal_msp.o
 .debug_frame   0x00000000000003ac       0xe0 ./Core/Src/stm32f3xx_it.o
 .debug_frame   0x000000000000048c       0x58 ./Core/Src/system_stm32f3xx.o
 .debug_frame   0x00000000000004e4      0x334 ./Drivers/STM32F3xx_HAL_Driver/Src/stm32f3xx_hal.o
 .debug_frame   0x0000000000000818      0x498 ./Drivers/STM32F3xx_HAL_Driver/Src/stm32f3xx_hal_cortex.o
 .debug_frame   0x0000000000000cb0      0x14c ./Drivers/STM32F3xx_HAL_Driver/Src/stm32f3xx_hal_gpio.o
 .debug_frame   0x0000000000000dfc       0xb4 ./Drivers/STM32F3xx_HAL_Driver/Src/stm32f3xx_hal_pwr_ex.o
 .debug_frame   0x0000000000000eb0      0x214 ./Drivers/STM32F3xx_HAL_Driver/Src/stm32f3xx_hal_rcc.o
 .debug_frame   0x00000000000010c4      0x7fc ./Middlewares/Third_Party/FreeRTOS/Source/CMSIS_RTOS/cmsis_os.o
 .debug_frame   0x00000000000018c0       0xd8 ./Middlewares/Third_Party/FreeRTOS/Source/list.o
 .debug_frame   0x0000000000001998      0x490 ./Middlewares/Third_Party/FreeRTOS/Source/queue.o
 .debug_frame   0x0000000000001e28      0x758 ./Middlewares/Third_Party/FreeRTOS/Source/tasks.o
 .debug_frame   0x0000000000002580      0x31c ./Middlewares/Third_Party/FreeRTOS/Source/timers.o
 .debug_frame   0x000000000000289c      0x1a8 ./Middlewares/Third_Party/FreeRTOS/Source/portable/GCC/ARM_CM4F/port.o
 .debug_frame   0x0000000000002a44      0x108 ./Middlewares/Third_Party/FreeRTOS/Source/portable/MemMang/heap_4.o
 .debug_frame   0x0000000000002b4c       0x2c c:/st/stm32cubeide_1.10.1/stm32cubeide/plugins/com.st.stm32cube.ide.mcu.externaltools.gnu-tools-for-stm32.10.3-2021.10.win32_1.0.0.202111181127/tools/bin/../lib/gcc/arm-none-eabi/10.3.1/../../../../arm-none-eabi/lib/thumb/v7e-m+fp/hard\libc_nano.a(lib_a-init.o)
 .debug_frame   0x0000000000002b78       0x28 c:/st/stm32cubeide_1.10.1/stm32cubeide/plugins/com.st.stm32cube.ide.mcu.externaltools.gnu-tools-for-stm32.10.3-2021.10.win32_1.0.0.202111181127/tools/bin/../lib/gcc/arm-none-eabi/10.3.1/../../../../arm-none-eabi/lib/thumb/v7e-m+fp/hard\libc_nano.a(lib_a-memcpy-stub.o)
 .debug_frame   0x0000000000002ba0       0x20 c:/st/stm32cubeide_1.10.1/stm32cubeide/plugins/com.st.stm32cube.ide.mcu.externaltools.gnu-tools-for-stm32.10.3-2021.10.win32_1.0.0.202111181127/tools/bin/../lib/gcc/arm-none-eabi/10.3.1/../../../../arm-none-eabi/lib/thumb/v7e-m+fp/hard\libc_nano.a(lib_a-memset.o)
